<html>
<body>
<pre>
<h1>µVision Build Log</h1>
<h2>Tool Versions:</h2>
IDE-Version: µVision V5.40.0.0
Copyright (C) 2024 ARM Ltd and ARM Germany GmbH. All rights reserved.
License Information: MARTA MARRON ROMERA, UAH, LIC=----
 
Tool Versions:
Toolchain:       MDK-Lite  Version: 5.40.0.3
Toolchain Path:  C:\Keil5\ARM\ARMCLANG\Bin
C Compiler:      ArmClang.exe V6.22
Assembler:       Armasm.exe V6.22
Linker/Locator:  ArmLink.exe V6.22
Library Manager: ArmAr.exe V6.22
Hex Converter:   FromElf.exe V6.22
CPU DLL:         SARMCM3.DLL V5.40.0.3
Dialog DLL:      DARMP1.DLL V1.28.1.0
Target DLL:      UL2CM3.DLL V1.164.11.0
Dialog DLL:      TARMP1.DLL V1.27.1.0
 
<h2>Project:</h2>
C:\Users\MARTA\Universidad de Alcala\Coordinación SED (GIEAI) - Documentos\General\Lab\EjemplosKeil\+Keil5\11_uart\uart.uvprojx
Project File Date:  11/25/2024

<h2>Output:</h2>
*** Using Compiler 'V6.22', folder: 'C:\Keil5\ARM\ARMCLANG\Bin'
Rebuild target 'LPC1768_SIM'
compiling system_LPC17xx.c...
compiling uart.c...
compiling main.c...
assembling startup_LPC17xx.s...
linking...
Program Size: Code=1708 RO-data=332 RW-data=4 ZI-data=660  
FromELF: creating hex file...
".\uart.axf" - 0 Error(s), 0 Warning(s).

<h2>Software Packages used:</h2>

Package Vendor: ARM
                https://www.keil.com/pack/ARM.CMSIS.6.1.0.pack
                ARM::CMSIS@6.1.0
                CMSIS (Common Microcontroller Software Interface Standard)
   * Component: CORE Version: 6.1.0

Package Vendor: Keil
                https://www.keil.com/pack/Keil.LPC1700_DFP.2.7.2.pack
                Keil::LPC1700_DFP@2.7.2
                NXP LPC1700 Series Device Support, Drivers and Examples for MCB1700 and LPC1788-32
   * Component: Startup Version: 1.0.0

<h2>Collection of Component include folders:</h2>
  ./RTE/Device/LPC1768
  ./RTE/_LPC1768_SIM
  C:/Keil5/ARM/CMSIS/6.1.0/CMSIS/Core/Include
  C:/Keil5/Keil/LPC1700_DFP/2.7.2/Device/Include

<h2>Collection of Component Files used:</h2>

   * Component: ARM::CMSIS:CORE@6.1.0

   * Component: Keil::Device:Startup@1.0.0
      Include file:  RTE_Driver/Config/RTE_Device.h
      Source file:   Device/Source/system_LPC17xx.c
      Source file:   Device/Source/ARM/startup_LPC17xx.s
      Include file:  Device/Include/LPC17xx.h
Build Time Elapsed:  00:00:00
</pre>
</body>
</html>
