<html>
<body>
<pre>
<h1>µVision Build Log</h1>
<h2>Tool Versions:</h2>
IDE-Version: µVision V5.30.0.0
Copyright (C) 2020 ARM Ltd and ARM Germany GmbH. All rights reserved.
License Information: Luis Manuel Gonzalo, UAH, LIC=----
 
Tool Versions:
Toolchain:       MDK-Lite  Version: 5.30.0.0
Toolchain Path:  C:\Keil_v5\ARM\ARMCC\Bin
C Compiler:      Armcc.exe V5.06 update 6 (build 750)
Assembler:       Armasm.exe V5.06 update 6 (build 750)
Linker/Locator:  ArmLink.exe V5.06 update 6 (build 750)
Library Manager: ArmAr.exe V5.06 update 6 (build 750)
Hex Converter:   FromElf.exe V5.06 update 6 (build 750)
CPU DLL:         SARMCM3.DLL V5.30.0.0
Dialog DLL:      DCM.DLL V1.17.3.0
Target DLL:      UL2CM3.DLL V1.163.3.0
Dialog DLL:      TCM.DLL V1.42.0.0
 
<h2>Project:</h2>
C:\Users\Usuario\Documents\UAH\Proyecto_SED\Hito 5- Sensor distancia 11 (TIMER 2 + EINT2)\GR86.uvprojx
Project File Date:  01/07/2025

<h2>Output:</h2>
*** Using Compiler 'V5.06 update 6 (build 750)', folder: 'C:\Keil_v5\ARM\ARMCC\Bin'
Rebuild target 'Target 1'
compiling AsciiLib.c...
compiling GLCD.c...
compiling main.c...
main.c(194): warning:  #1295-D: Deprecated declaration QEI_pulses - give arg types
  void QEI_pulses();
main.c(195): warning:  #1295-D: Deprecated declaration config_TIMER2 - give arg types
  void config_TIMER2();
main.c(203): warning:  #1295-D: Deprecated declaration genera_muestras - give arg types
  void genera_muestras();
main.c(204): warning:  #1295-D: Deprecated declaration config_DAC - give arg types
  void config_DAC();
main.c(205): warning:  #1295-D: Deprecated declaration config_TIMER0 - give arg types
  void config_TIMER0();
main.c(780): warning:  #61-D: integer operation result is out of range
  	LPC_PINCON->PINSEL3|= (0x3<<30);                  // Pines: P1.31 (AD0.5)
main.c(780): warning:  #68-D: integer conversion resulted in a change of sign
  	LPC_PINCON->PINSEL3|= (0x3<<30);                  // Pines: P1.31 (AD0.5)
main.c(783): warning:  #61-D: integer operation result is out of range
  	LPC_PINCON->PINMODE3|= (0x2<<30);
main.c(783): warning:  #68-D: integer conversion resulted in a change of sign
  	LPC_PINCON->PINMODE3|= (0x2<<30);
main.c(875): warning:  #61-D: integer operation result is out of range
  	if(LPC_ADC->ADDR1 & (1<<31)){		// se ha producido una lectura de la tensión del potenciómetro (AD0.1)
main.c(875): warning:  #68-D: integer conversion resulted in a change of sign
  	if(LPC_ADC->ADDR1 & (1<<31)){		// se ha producido una lectura de la tensión del potenciómetro (AD0.1)
main.c(914): warning:  #61-D: integer operation result is out of range
  	if(LPC_ADC->ADDR2 & (1<<31)){	// se ha producido una lectura del sensor de distancias (AD0.2)
main.c(914): warning:  #68-D: integer conversion resulted in a change of sign
  	if(LPC_ADC->ADDR2 & (1<<31)){	// se ha producido una lectura del sensor de distancias (AD0.2)
main.c(1049): warning:  #167-D: argument of type "uint8_t *" is incompatible with parameter of type "char *restrict"
  		sprintf(texto2,"Velocidad teorica:%.4f m/s",vel_teorica);
main.c(1053): warning:  #167-D: argument of type "uint8_t *" is incompatible with parameter of type "char *restrict"
  		sprintf(texto,"Velocidad real:%.4f m/s",speed_m);
main.c(1057): warning:  #167-D: argument of type "uint8_t *" is incompatible with parameter of type "char *restrict"
  		sprintf(texto3,"Distancia:%.2f cm ",distancia);
main.c(1063): warning:  #167-D: argument of type "char *" is incompatible with parameter of type "uint8_t *"
      GUI_Text(50,150,texto1, White, Black);
main.c: 17 warnings, 0 errors
assembling startup_LPC17xx.s...
compiling uart.c...
compiling system_LPC17xx.c...
linking...
Program Size: Code=20184 RO-data=2816 RW-data=152 ZI-data=816  
".\Objects\GR86.axf" - 0 Error(s), 17 Warning(s).

<h2>Software Packages used:</h2>

Package Vendor: ARM
                http://www.keil.com/pack/ARM.CMSIS.5.7.0.pack
                ARM.CMSIS.5.7.0
                CMSIS (Cortex Microcontroller Software Interface Standard)
   * Component: CORE Version: 5.4.0

Package Vendor: Keil
                https://www.keil.com/pack/Keil.LPC1700_DFP.2.7.2.pack
                Keil.LPC1700_DFP.2.7.2
                NXP LPC1700 Series Device Support, Drivers and Examples for MCB1700 and LPC1788-32
   * Component: Startup Version: 1.0.0

<h2>Collection of Component include folders:</h2>
  .\RTE\Device\LPC1768
  .\RTE\_Target_1
  C:\Users\Usuario\AppData\Local\Arm\Packs\ARM\CMSIS\5.7.0\CMSIS\Core\Include
  C:\Users\Usuario\AppData\Local\Arm\Packs\Keil\LPC1700_DFP\2.7.2\Device\Include

<h2>Collection of Component Files used:</h2>

   * Component: ARM::CMSIS:CORE:5.4.0

   * Component: Keil::Device:Startup:1.0.0
      Source file:   Device\Source\ARM\startup_LPC17xx.s
      Source file:   Device\Source\system_LPC17xx.c
      Include file:  RTE_Driver\Config\RTE_Device.h
      Include file:  Device\Include\LPC17xx.h
Build Time Elapsed:  00:00:00
</pre>
</body>
</html>
