Component: ARM Compiler 5.06 update 6 (build 750) Tool: armlink [4d35ed]

==============================================================================

Section Cross References

    main.o(i.ADC_IRQHandler) refers to main.o(i.config_pwm) for config_pwm
    main.o(i.ADC_IRQHandler) refers to main.o(i.config_ciclo) for config_ciclo
    main.o(i.ADC_IRQHandler) refers to ffixu.o(x$fpl$ffixu) for __aeabi_f2uiz
    main.o(i.ADC_IRQHandler) refers to main.o(i.set_duty_RIGHT_pwm) for set_duty_RIGHT_pwm
    main.o(i.ADC_IRQHandler) refers to main.o(i.set_duty_LEFT_pwm) for set_duty_LEFT_pwm
    main.o(i.ADC_IRQHandler) refers to main.o(i.config_gpios) for config_gpios
    main.o(i.ADC_IRQHandler) refers to main.o(i.QEI_pulses) for QEI_pulses
    main.o(i.ADC_IRQHandler) refers to main.o(i.config_ADC) for config_ADC
    main.o(i.ADC_IRQHandler) refers to main.o(i.config_TIMER1) for config_TIMER1
    main.o(i.ADC_IRQHandler) refers to dflt_clz.o(x$fpl$dfltu) for __aeabi_ui2d
    main.o(i.ADC_IRQHandler) refers to dmul.o(x$fpl$dmul) for __aeabi_dmul
    main.o(i.ADC_IRQHandler) refers to ddiv.o(x$fpl$ddiv) for __aeabi_ddiv
    main.o(i.ADC_IRQHandler) refers to d2f.o(x$fpl$d2f) for __aeabi_d2f
    main.o(i.ADC_IRQHandler) refers to daddsub_clz.o(x$fpl$dsub) for __aeabi_dsub
    main.o(i.ADC_IRQHandler) refers to fleqf.o(x$fpl$fleqf) for __aeabi_cfcmple
    main.o(i.ADC_IRQHandler) refers to main.o(i.config_DAC) for config_DAC
    main.o(i.ADC_IRQHandler) refers to main.o(i.config_TIMER0) for config_TIMER0
    main.o(i.ADC_IRQHandler) refers to main.o(i.calculo_distancia) for calculo_distancia
    main.o(i.ADC_IRQHandler) refers to main.o(i.parada_emergencia) for parada_emergencia
    main.o(i.ADC_IRQHandler) refers to main.o(.data) for potenciometro
    main.o(i.EINT1_IRQHandler) refers to main.o(i.config_QEI) for config_QEI
    main.o(i.EINT1_IRQHandler) refers to main.o(i.config_ADC) for config_ADC
    main.o(i.EINT1_IRQHandler) refers to main.o(i.config_TIMER1) for config_TIMER1
    main.o(i.EINT1_IRQHandler) refers to main.o(.data) for QEI_token
    main.o(i.EINT1_IRQHandler) refers to main.o(.bss) for acciones
    main.o(i.EINT2_IRQHandler) refers to main.o(i.config_ciclo) for config_ciclo
    main.o(i.EINT2_IRQHandler) refers to ffixu.o(x$fpl$ffixu) for __aeabi_f2uiz
    main.o(i.EINT2_IRQHandler) refers to main.o(i.set_duty_RIGHT_pwm) for set_duty_RIGHT_pwm
    main.o(i.EINT2_IRQHandler) refers to main.o(i.set_duty_LEFT_pwm) for set_duty_LEFT_pwm
    main.o(i.EINT2_IRQHandler) refers to main.o(i.config_gpios) for config_gpios
    main.o(i.EINT2_IRQHandler) refers to uart.o(i.tx_cadena_UART3) for tx_cadena_UART3
    main.o(i.EINT2_IRQHandler) refers to main.o(.data) for reanudar_recorrido
    main.o(i.EINT2_IRQHandler) refers to main.o(.bss) for acciones
    main.o(i.QEI_IRQHandler) refers to dflt_clz.o(x$fpl$dfltu) for __aeabi_ui2d
    main.o(i.QEI_IRQHandler) refers to dmul.o(x$fpl$dmul) for __aeabi_dmul
    main.o(i.QEI_IRQHandler) refers to ddiv.o(x$fpl$ddiv) for __aeabi_ddiv
    main.o(i.QEI_IRQHandler) refers to dfixu.o(x$fpl$dfixu) for __aeabi_d2uiz
    main.o(i.QEI_IRQHandler) refers to dflt_clz.o(x$fpl$dflt) for __aeabi_i2d
    main.o(i.QEI_IRQHandler) refers to d2f.o(x$fpl$d2f) for __aeabi_d2f
    main.o(i.QEI_IRQHandler) refers to fdiv.o(x$fpl$fdiv) for __aeabi_fdiv
    main.o(i.QEI_IRQHandler) refers to main.o(i.config_ciclo) for config_ciclo
    main.o(i.QEI_IRQHandler) refers to ffixu.o(x$fpl$ffixu) for __aeabi_f2uiz
    main.o(i.QEI_IRQHandler) refers to main.o(i.set_duty_RIGHT_pwm) for set_duty_RIGHT_pwm
    main.o(i.QEI_IRQHandler) refers to main.o(i.set_duty_LEFT_pwm) for set_duty_LEFT_pwm
    main.o(i.QEI_IRQHandler) refers to main.o(i.config_gpios) for config_gpios
    main.o(i.QEI_IRQHandler) refers to main.o(i.config_TIMER2) for config_TIMER2
    main.o(i.QEI_IRQHandler) refers to main.o(i.QEI_pulses) for QEI_pulses
    main.o(i.QEI_IRQHandler) refers to main.o(.data) for speed_rpm
    main.o(i.QEI_IRQHandler) refers to main.o(.bss) for acciones
    main.o(i.QEI_pulses) refers to main.o(i.config_ciclo) for config_ciclo
    main.o(i.QEI_pulses) refers to ffixu.o(x$fpl$ffixu) for __aeabi_f2uiz
    main.o(i.QEI_pulses) refers to main.o(i.set_duty_RIGHT_pwm) for set_duty_RIGHT_pwm
    main.o(i.QEI_pulses) refers to main.o(i.set_duty_LEFT_pwm) for set_duty_LEFT_pwm
    main.o(i.QEI_pulses) refers to main.o(i.config_gpios) for config_gpios
    main.o(i.QEI_pulses) refers to main.o(i.config_DAC) for config_DAC
    main.o(i.QEI_pulses) refers to main.o(i.config_TIMER0) for config_TIMER0
    main.o(i.QEI_pulses) refers to uart.o(i.tx_cadena_UART3) for tx_cadena_UART3
    main.o(i.QEI_pulses) refers to dflt_clz.o(x$fpl$dfltu) for __aeabi_ui2d
    main.o(i.QEI_pulses) refers to ddiv.o(x$fpl$ddiv) for __aeabi_ddiv
    main.o(i.QEI_pulses) refers to dfixu.o(x$fpl$dfixu) for __aeabi_d2uiz
    main.o(i.QEI_pulses) refers to dmul.o(x$fpl$dmul) for __aeabi_dmul
[...]
    ../clib/signal.c                         0x00000000   Number         0  defsig_segv_inner.o ABSOLUTE
    ../clib/signal.c                         0x00000000   Number         0  defsig_cppl_inner.o ABSOLUTE
    ../clib/signal.c                         0x00000000   Number         0  defsig_pvfn_inner.o ABSOLUTE
    ../clib/signal.c                         0x00000000   Number         0  defsig_stak_inner.o ABSOLUTE
    ../clib/signal.c                         0x00000000   Number         0  defsig_rtmem_inner.o ABSOLUTE
    ../clib/signal.c                         0x00000000   Number         0  defsig_fpe_formal.o ABSOLUTE
    ../clib/signal.c                         0x00000000   Number         0  defsig_fpe_outer.o ABSOLUTE
    ../clib/signal.c                         0x00000000   Number         0  defsig_rtred_inner.o ABSOLUTE
    ../clib/signal.c                         0x00000000   Number         0  defsig_abrt_inner.o ABSOLUTE
    ../clib/signal.s                         0x00000000   Number         0  defsig.o ABSOLUTE
    ../clib/stdlib.c                         0x00000000   Number         0  exit.o ABSOLUTE
    ../fplib/d2f.s                           0x00000000   Number         0  d2f.o ABSOLUTE
    ../fplib/daddsub.s                       0x00000000   Number         0  daddsub_clz.o ABSOLUTE
    ../fplib/dcheck1.s                       0x00000000   Number         0  dcheck1.o ABSOLUTE
    ../fplib/ddiv.s                          0x00000000   Number         0  ddiv.o ABSOLUTE
    ../fplib/dfix.s                          0x00000000   Number         0  dfix.o ABSOLUTE
    ../fplib/dfixu.s                         0x00000000   Number         0  dfixu.o ABSOLUTE
    ../fplib/dflt.s                          0x00000000   Number         0  dflt_clz.o ABSOLUTE
    ../fplib/dmul.s                          0x00000000   Number         0  dmul.o ABSOLUTE
    ../fplib/dnaninf.s                       0x00000000   Number         0  dnaninf.o ABSOLUTE
    ../fplib/dretinf.s                       0x00000000   Number         0  dretinf.o ABSOLUTE
    ../fplib/f2d.s                           0x00000000   Number         0  f2d.o ABSOLUTE
    ../fplib/faddsub.s                       0x00000000   Number         0  faddsub_clz.o ABSOLUTE
    ../fplib/fcmpi.s                         0x00000000   Number         0  fcmpi.o ABSOLUTE
    ../fplib/fdiv.s                          0x00000000   Number         0  fdiv.o ABSOLUTE
    ../fplib/ffixu.s                         0x00000000   Number         0  ffixu.o ABSOLUTE
    ../fplib/fflt.s                          0x00000000   Number         0  fflt_clz.o ABSOLUTE
    ../fplib/fleqf.s                         0x00000000   Number         0  fleqf.o ABSOLUTE
    ../fplib/fmul.s                          0x00000000   Number         0  fmul.o ABSOLUTE
    ../fplib/fnaninf.s                       0x00000000   Number         0  fnaninf.o ABSOLUTE
    ../fplib/fpinit.s                        0x00000000   Number         0  fpinit.o ABSOLUTE
    ../fplib/fretinf.s                       0x00000000   Number         0  fretinf.o ABSOLUTE
    ../fplib/frleqf.s                        0x00000000   Number         0  frleqf.o ABSOLUTE
    ../fplib/istatus.s                       0x00000000   Number         0  istatus.o ABSOLUTE
    ../fplib/printf1.s                       0x00000000   Number         0  printf1.o ABSOLUTE
    ../fplib/retnan.s                        0x00000000   Number         0  retnan.o ABSOLUTE
    ../fplib/scalbn.s                        0x00000000   Number         0  scalbn.o ABSOLUTE
    ../fplib/trapv.s                         0x00000000   Number         0  trapv.o ABSOLUTE
    ../fplib/usenofp.s                       0x00000000   Number         0  usenofp.o ABSOLUTE
    ../mathlib/cos_i.c                       0x00000000   Number         0  cos_i.o ABSOLUTE
    ../mathlib/dunder.c                      0x00000000   Number         0  dunder.o ABSOLUTE
    ../mathlib/fpclassify.c                  0x00000000   Number         0  fpclassify.o ABSOLUTE
    ../mathlib/poly.c                        0x00000000   Number         0  poly.o ABSOLUTE
    ../mathlib/rred.c                        0x00000000   Number         0  rred.o ABSOLUTE
    ../mathlib/sin.c                         0x00000000   Number         0  sin_x.o ABSOLUTE
    ../mathlib/sin.c                         0x00000000   Number         0  sin.o ABSOLUTE
    ../mathlib/sin_i.c                       0x00000000   Number         0  sin_i_x.o ABSOLUTE
    ../mathlib/sin_i.c                       0x00000000   Number         0  sin_i.o ABSOLUTE
    AsciiLib.c                               0x00000000   Number         0  asciilib.o ABSOLUTE
    GLCD.c                                   0x00000000   Number         0  glcd.o ABSOLUTE
    GLCD.c                                   0x00000000   Number         0  glcd.o ABSOLUTE
    RTE\Device\LPC1768\startup_LPC17xx.s     0x00000000   Number         0  startup_lpc17xx.o ABSOLUTE
    RTE\Device\LPC1768\system_LPC17xx.c      0x00000000   Number         0  system_lpc17xx.o ABSOLUTE
    RTE\\Device\\LPC1768\\system_LPC17xx.c   0x00000000   Number         0  system_lpc17xx.o ABSOLUTE
    dc.s                                     0x00000000   Number         0  dc.o ABSOLUTE
    main.c                                   0x00000000   Number         0  main.o ABSOLUTE
    main.c                                   0x00000000   Number         0  main.o ABSOLUTE
    uart.c                                   0x00000000   Number         0  uart.o ABSOLUTE
    uart.c                                   0x00000000   Number         0  uart.o ABSOLUTE
    !!!main                                  0x000000cc   Section        8  __main.o(!!!main)
    !!!scatter                               0x000000d4   Section       52  __scatter.o(!!!scatter)
    !!handler_copy                           0x00000108   Section       26  __scatter_copy.o(!!handler_copy)
    !!handler_zi                             0x00000124   Section       28  __scatter_zi.o(!!handler_zi)
    .ARM.Collect$$_printf_percent$$00000000  0x00000140   Section        0  _printf_percent.o(.ARM.Collect$$_printf_percent$$00000000)
    .ARM.Collect$$_printf_percent$$00000003  0x00000140   Section        6  _printf_f.o(.ARM.Collect$$_printf_percent$$00000003)
    .ARM.Collect$$_printf_percent$$00000017  0x00000146   Section        4  _printf_percent_end.o(.ARM.Collect$$_printf_percent$$00000017)
    .ARM.Collect$$libinit$$00000000          0x0000014a   Section        2  libinit.o(.ARM.Collect$$libinit$$00000000)
    .ARM.Collect$$libinit$$00000002          0x0000014c   Section        0  libinit2.o(.ARM.Collect$$libinit$$00000002)
    .ARM.Collect$$libinit$$00000004          0x0000014c   Section        0  libinit2.o(.ARM.Collect$$libinit$$00000004)
    .ARM.Collect$$libinit$$0000000A          0x0000014c   Section        0  libinit2.o(.ARM.Collect$$libinit$$0000000A)
    .ARM.Collect$$libinit$$0000000C          0x0000014c   Section        0  libinit2.o(.ARM.Collect$$libinit$$0000000C)
    .ARM.Collect$$libinit$$0000000E          0x0000014c   Section        0  libinit2.o(.ARM.Collect$$libinit$$0000000E)
    .ARM.Collect$$libinit$$0000000F          0x0000014c   Section        6  libinit2.o(.ARM.Collect$$libinit$$0000000F)
    .ARM.Collect$$libinit$$00000011          0x00000152   Section        0  libinit2.o(.ARM.Collect$$libinit$$00000011)
    .ARM.Collect$$libinit$$00000013          0x00000152   Section        0  libinit2.o(.ARM.Collect$$libinit$$00000013)
    .ARM.Collect$$libinit$$00000015          0x00000152   Section        0  libinit2.o(.ARM.Collect$$libinit$$00000015)
    .ARM.Collect$$libinit$$00000016          0x00000152   Section       10  libinit2.o(.ARM.Collect$$libinit$$00000016)
    .ARM.Collect$$libinit$$00000017          0x0000015c   Section        0  libinit2.o(.ARM.Collect$$libinit$$00000017)
    .ARM.Collect$$libinit$$00000019          0x0000015c   Section        0  libinit2.o(.ARM.Collect$$libinit$$00000019)
    .ARM.Collect$$libinit$$0000001B          0x0000015c   Section        0  libinit2.o(.ARM.Collect$$libinit$$0000001B)
    .ARM.Collect$$libinit$$0000001D          0x0000015c   Section        0  libinit2.o(.ARM.Collect$$libinit$$0000001D)
    .ARM.Collect$$libinit$$0000001F          0x0000015c   Section        0  libinit2.o(.ARM.Collect$$libinit$$0000001F)
    .ARM.Collect$$libinit$$00000021          0x0000015c   Section        0  libinit2.o(.ARM.Collect$$libinit$$00000021)
    .ARM.Collect$$libinit$$00000023          0x0000015c   Section        0  libinit2.o(.ARM.Collect$$libinit$$00000023)
    .ARM.Collect$$libinit$$00000025          0x0000015c   Section        0  libinit2.o(.ARM.Collect$$libinit$$00000025)
    .ARM.Collect$$libinit$$0000002C          0x0000015c   Section        0  libinit2.o(.ARM.Collect$$libinit$$0000002C)
    .ARM.Collect$$libinit$$0000002E          0x0000015c   Section        0  libinit2.o(.ARM.Collect$$libinit$$0000002E)
    .ARM.Collect$$libinit$$00000030          0x0000015c   Section        0  libinit2.o(.ARM.Collect$$libinit$$00000030)
    .ARM.Collect$$libinit$$00000032          0x0000015c   Section        0  libinit2.o(.ARM.Collect$$libinit$$00000032)
    .ARM.Collect$$libinit$$00000033          0x0000015c   Section        2  libinit2.o(.ARM.Collect$$libinit$$00000033)
    .ARM.Collect$$libshutdown$$00000000      0x0000015e   Section        2  libshutdown.o(.ARM.Collect$$libshutdown$$00000000)
    .ARM.Collect$$libshutdown$$00000002      0x00000160   Section        0  libshutdown2.o(.ARM.Collect$$libshutdown$$00000002)
    .ARM.Collect$$libshutdown$$00000004      0x00000160   Section        0  libshutdown2.o(.ARM.Collect$$libshutdown$$00000004)
    .ARM.Collect$$libshutdown$$00000007      0x00000160   Section        0  libshutdown2.o(.ARM.Collect$$libshutdown$$00000007)
    .ARM.Collect$$libshutdown$$0000000A      0x00000160   Section        0  libshutdown2.o(.ARM.Collect$$libshutdown$$0000000A)
    .ARM.Collect$$libshutdown$$0000000C      0x00000160   Section        0  libshutdown2.o(.ARM.Collect$$libshutdown$$0000000C)
    .ARM.Collect$$libshutdown$$0000000F      0x00000160   Section        0  libshutdown2.o(.ARM.Collect$$libshutdown$$0000000F)
    .ARM.Collect$$libshutdown$$00000010      0x00000160   Section        2  libshutdown2.o(.ARM.Collect$$libshutdown$$00000010)
    .ARM.Collect$$rtentry$$00000000          0x00000162   Section        0  __rtentry.o(.ARM.Collect$$rtentry$$00000000)
    .ARM.Collect$$rtentry$$00000002          0x00000162   Section        0  __rtentry2.o(.ARM.Collect$$rtentry$$00000002)
    .ARM.Collect$$rtentry$$00000004          0x00000162   Section        6  __rtentry4.o(.ARM.Collect$$rtentry$$00000004)
    .ARM.Collect$$rtentry$$00000009          0x00000168   Section        0  __rtentry2.o(.ARM.Collect$$rtentry$$00000009)
    .ARM.Collect$$rtentry$$0000000A          0x00000168   Section        4  __rtentry2.o(.ARM.Collect$$rtentry$$0000000A)
    .ARM.Collect$$rtentry$$0000000C          0x0000016c   Section        0  __rtentry2.o(.ARM.Collect$$rtentry$$0000000C)
    .ARM.Collect$$rtentry$$0000000D          0x0000016c   Section        8  __rtentry2.o(.ARM.Collect$$rtentry$$0000000D)
    .ARM.Collect$$rtexit$$00000000           0x00000174   Section        2  rtexit.o(.ARM.Collect$$rtexit$$00000000)
    .ARM.Collect$$rtexit$$00000002           0x00000176   Section        0  rtexit2.o(.ARM.Collect$$rtexit$$00000002)
    .ARM.Collect$$rtexit$$00000003           0x00000176   Section        4  rtexit2.o(.ARM.Collect$$rtexit$$00000003)
    .ARM.Collect$$rtexit$$00000004           0x0000017a   Section        6  rtexit2.o(.ARM.Collect$$rtexit$$00000004)
    .text                                    0x00000180   Section       60  startup_lpc17xx.o(.text)
    .text                                    0x000001bc   Section        0  noretval__2sprintf.o(.text)
    .text                                    0x000001e4   Section        0  __printf_wp.o(.text)
    .text                                    0x000002f2   Section        0  heapauxi.o(.text)
    .text                                    0x000002f8   Section        2  use_no_semi.o(.text)
    .text                                    0x000002fa   Section        0  indicate_semi.o(.text)
    x$fpl$usenofp                            0x000002fa   Section        0  usenofp.o(x$fpl$usenofp)
    .ARM.__at_0x02FC                         0x000002fc   Section        4  startup_lpc17xx.o(.ARM.__at_0x02FC)
    .text                                    0x00000300   Section      138  rt_memcpy_v6.o(.text)
    .text                                    0x0000038a   Section      100  rt_memcpy_w.o(.text)
    .text                                    0x000003ee   Section       68  rt_memclr.o(.text)
    .text                                    0x00000432   Section        0  _rserrno.o(.text)
    .text                                    0x00000448   Section        0  _printf_fp_dec.o(.text)
    _fp_digits                               0x0000044b   Thumb Code   432  _printf_fp_dec.o(.text)
    .text                                    0x00000868   Section        0  _printf_char_common.o(.text)
    _printf_input_char                       0x00000869   Thumb Code    10  _printf_char_common.o(.text)
    .text                                    0x00000898   Section        0  _sputc.o(.text)
    .text                                    0x000008a2   Section       78  rt_memclr_w.o(.text)
    .text                                    0x000008f0   Section        8  rt_locale_intlibspace.o(.text)
    .text                                    0x000008f8   Section        8  rt_errno_addr_intlibspace.o(.text)
    .text                                    0x00000900   Section      138  lludiv10.o(.text)
    .text                                    0x0000098c   Section        0  _printf_fp_infnan.o(.text)
    .text                                    0x00000a0c   Section        0  bigflt0.o(.text)
    .text                                    0x00000af0   Section        8  libspace.o(.text)
    .text                                    0x00000af8   Section       74  sys_stackheap_outer.o(.text)
    .text                                    0x00000b42   Section        0  exit.o(.text)
    .text                                    0x00000b54   Section      128  strcmpv7m.o(.text)
    .text                                    0x00000bd4   Section        0  sys_exit.o(.text)
    CL$$btod_d2e                             0x00000be0   Section       62  btod.o(CL$$btod_d2e)
    CL$$btod_d2e_denorm_low                  0x00000c1e   Section       70  btod.o(CL$$btod_d2e_denorm_low)
    CL$$btod_d2e_norm_op1                    0x00000c64   Section       96  btod.o(CL$$btod_d2e_norm_op1)
    CL$$btod_div_common                      0x00000cc4   Section      824  btod.o(CL$$btod_div_common)
    CL$$btod_e2e                             0x00000ffc   Section      220  btod.o(CL$$btod_e2e)
    CL$$btod_ediv                            0x000010d8   Section       42  btod.o(CL$$btod_ediv)
    CL$$btod_emul                            0x00001102   Section       42  btod.o(CL$$btod_emul)
    CL$$btod_mult_common                     0x0000112c   Section      580  btod.o(CL$$btod_mult_common)
    i.ADC_IRQHandler                         0x00001370   Section        0  main.o(i.ADC_IRQHandler)
    i.EINT1_IRQHandler                       0x00001574   Section        0  main.o(i.EINT1_IRQHandler)
    i.EINT2_IRQHandler                       0x00001628   Section        0  main.o(i.EINT2_IRQHandler)
    i.GUI_Text                               0x000016e4   Section        0  glcd.o(i.GUI_Text)
    i.GetASCIICode                           0x00001734   Section        0  asciilib.o(i.GetASCIICode)
    i.LCD_Clear                              0x00001754   Section        0  glcd.o(i.LCD_Clear)
    i.LCD_Configuration                      0x000017c8   Section        0  glcd.o(i.LCD_Configuration)
    LCD_Configuration                        0x000017c9   Thumb Code    44  glcd.o(i.LCD_Configuration)
    i.LCD_DrawLine                           0x000017f8   Section        0  glcd.o(i.LCD_DrawLine)
    i.LCD_Initialization                     0x000018f4   Section        0  glcd.o(i.LCD_Initialization)
    i.LCD_Read                               0x00001b20   Section        0  glcd.o(i.LCD_Read)
    LCD_Read                                 0x00001b21   Thumb Code    64  glcd.o(i.LCD_Read)
    i.LCD_ReadData                           0x00001b64   Section        0  glcd.o(i.LCD_ReadData)
    LCD_ReadData                             0x00001b65   Thumb Code    44  glcd.o(i.LCD_ReadData)
    i.LCD_ReadReg                            0x00001b94   Section        0  glcd.o(i.LCD_ReadReg)
    LCD_ReadReg                              0x00001b95   Thumb Code    20  glcd.o(i.LCD_ReadReg)
    i.LCD_Send                               0x00001ba8   Section        0  glcd.o(i.LCD_Send)
    LCD_Send                                 0x00001ba9   Thumb Code    38  glcd.o(i.LCD_Send)
    i.LCD_SetCursor                          0x00001bd4   Section        0  glcd.o(i.LCD_SetCursor)
    LCD_SetCursor                            0x00001bd5   Thumb Code    82  glcd.o(i.LCD_SetCursor)
    i.LCD_SetPoint                           0x00001c2c   Section        0  glcd.o(i.LCD_SetPoint)
    i.LCD_WriteData                          0x00001c54   Section        0  glcd.o(i.LCD_WriteData)
    LCD_WriteData                            0x00001c55   Thumb Code    46  glcd.o(i.LCD_WriteData)
    i.LCD_WriteIndex                         0x00001c88   Section        0  glcd.o(i.LCD_WriteIndex)
    LCD_WriteIndex                           0x00001c89   Thumb Code    50  glcd.o(i.LCD_WriteIndex)
    i.LCD_WriteReg                           0x00001cc0   Section        0  glcd.o(i.LCD_WriteReg)
    LCD_WriteReg                             0x00001cc1   Thumb Code    20  glcd.o(i.LCD_WriteReg)
    i.PutChar                                0x00001cd4   Section        0  glcd.o(i.PutChar)
    i.QEI_IRQHandler                         0x00001d38   Section        0  main.o(i.QEI_IRQHandler)
    i.QEI_pulses                             0x00001ea8   Section        0  main.o(i.QEI_pulses)
    i.SysTick_Handler                        0x000021a4   Section        0  main.o(i.SysTick_Handler)
    i.SystemInit                             0x000022e8   Section        0  system_lpc17xx.o(i.SystemInit)
    i.TIMER0_IRQHandler                      0x00002428   Section        0  main.o(i.TIMER0_IRQHandler)
    i.TIMER1_IRQHandler                      0x000024f8   Section        0  main.o(i.TIMER1_IRQHandler)
    i.TIMER2_IRQHandler                      0x0000251c   Section        0  main.o(i.TIMER2_IRQHandler)
    i.UART3_IRQHandler                       0x00002610   Section        0  uart.o(i.UART3_IRQHandler)
    i.__ARM_fpclassify                       0x00002698   Section        0  fpclassify.o(i.__ARM_fpclassify)
    i.__NVIC_EnableIRQ                       0x000026c0   Section        0  main.o(i.__NVIC_EnableIRQ)
    __NVIC_EnableIRQ                         0x000026c1   Thumb Code    34  main.o(i.__NVIC_EnableIRQ)
    i.__NVIC_SetPriority                     0x000026e4   Section        0  main.o(i.__NVIC_SetPriority)
    __NVIC_SetPriority                       0x000026e5   Thumb Code    32  main.o(i.__NVIC_SetPriority)
    i.__ieee754_rem_pio2                     0x0000270c   Section        0  rred.o(i.__ieee754_rem_pio2)
    i.__kernel_cos                           0x00002a94   Section        0  cos_i.o(i.__kernel_cos)
    i.__kernel_poly                          0x00002b90   Section        0  poly.o(i.__kernel_poly)
    i.__kernel_sin                           0x00002c3c   Section        0  sin_i.o(i.__kernel_sin)
    i.__mathlib_dbl_infnan                   0x00002d28   Section        0  dunder.o(i.__mathlib_dbl_infnan)
    i.__mathlib_dbl_invalid                  0x00002d2e   Section        0  dunder.o(i.__mathlib_dbl_invalid)
    i.__mathlib_dbl_underflow                0x00002d3c   Section        0  dunder.o(i.__mathlib_dbl_underflow)
    i._is_digit                              0x00002d4c   Section        0  __printf_wp.o(i._is_digit)
    i.calculo_distancia                      0x00002d5c   Section        0  main.o(i.calculo_distancia)
    i.config_ADC                             0x00002e14   Section        0  main.o(i.config_ADC)
    i.config_DAC                             0x00002ef8   Section        0  main.o(i.config_DAC)
    i.config_QEI                             0x00002f14   Section        0  main.o(i.config_QEI)
    i.config_TIMER0                          0x00002f98   Section        0  main.o(i.config_TIMER0)
    i.config_TIMER1                          0x00002ff8   Section        0  main.o(i.config_TIMER1)
    i.config_TIMER2                          0x000030f0   Section        0  main.o(i.config_TIMER2)
    i.config_botones                         0x0000313c   Section        0  main.o(i.config_botones)
    i.config_ciclo                           0x00003180   Section        0  main.o(i.config_ciclo)
    i.config_gpios                           0x00003278   Section        0  main.o(i.config_gpios)
    i.config_pwm                             0x00003360   Section        0  main.o(i.config_pwm)
    i.delay_ms                               0x000033d4   Section        0  glcd.o(i.delay_ms)
    delay_ms                                 0x000033d5   Thumb Code    30  glcd.o(i.delay_ms)
    i.genera_muestras                        0x000033f4   Section        0  main.o(i.genera_muestras)
    i.main                                   0x00003480   Section        0  main.o(i.main)
    i.parada_emergencia                      0x00003b18   Section        0  main.o(i.parada_emergencia)
    i.set_duty_LEFT_pwm                      0x00003bd4   Section        0  main.o(i.set_duty_LEFT_pwm)
    i.set_duty_RIGHT_pwm                     0x00003bf4   Section        0  main.o(i.set_duty_RIGHT_pwm)
    i.sin                                    0x00003c14   Section        0  sin.o(i.sin)
    i.tx_cadena_UART3                        0x00003cb4   Section        0  uart.o(i.tx_cadena_UART3)
    i.uart3_init                             0x00003ce0   Section        0  uart.o(i.uart3_init)
    i.uart3_set_baudrate                     0x00003d70   Section        0  uart.o(i.uart3_set_baudrate)
    uart3_set_baudrate                       0x00003d71   Thumb Code   250  uart.o(i.uart3_set_baudrate)
    locale$$code                             0x00003e78   Section       44  lc_numeric_c.o(locale$$code)
    x$fpl$d2f                                0x00003ea4   Section       98  d2f.o(x$fpl$d2f)
    x$fpl$dadd                               0x00003f08   Section      336  daddsub_clz.o(x$fpl$dadd)
    _dadd1                                   0x00003f19   Thumb Code     0  daddsub_clz.o(x$fpl$dadd)
    x$fpl$dcheck1                            0x00004058   Section       16  dcheck1.o(x$fpl$dcheck1)
    x$fpl$ddiv                               0x00004068   Section      688  ddiv.o(x$fpl$ddiv)
    ddiv_entry                               0x0000406f   Thumb Code     0  ddiv.o(x$fpl$ddiv)
    x$fpl$dfix                               0x00004318   Section       94  dfix.o(x$fpl$dfix)
    x$fpl$dfixu                              0x00004378   Section       90  dfixu.o(x$fpl$dfixu)
    x$fpl$dflt                               0x000043d2   Section       46  dflt_clz.o(x$fpl$dflt)
    x$fpl$dfltu                              0x00004400   Section       38  dflt_clz.o(x$fpl$dfltu)
    x$fpl$dmul                               0x00004428   Section      340  dmul.o(x$fpl$dmul)
    x$fpl$dnaninf                            0x0000457c   Section      156  dnaninf.o(x$fpl$dnaninf)
    x$fpl$dretinf                            0x00004618   Section       12  dretinf.o(x$fpl$dretinf)
    x$fpl$drsb                               0x00004624   Section       22  daddsub_clz.o(x$fpl$drsb)
    x$fpl$dsub                               0x0000463c   Section      468  daddsub_clz.o(x$fpl$dsub)
    _dsub1                                   0x0000464d   Thumb Code     0  daddsub_clz.o(x$fpl$dsub)
    x$fpl$f2d                                0x00004810   Section       86  f2d.o(x$fpl$f2d)
    x$fpl$fadd                               0x00004868   Section      196  faddsub_clz.o(x$fpl$fadd)
    _fadd1                                   0x00004877   Thumb Code     0  faddsub_clz.o(x$fpl$fadd)
    x$fpl$fcmpinf                            0x0000492c   Section       24  fcmpi.o(x$fpl$fcmpinf)
    x$fpl$fdiv                               0x00004944   Section      388  fdiv.o(x$fpl$fdiv)
    _fdiv1                                   0x00004945   Thumb Code     0  fdiv.o(x$fpl$fdiv)
    x$fpl$ffixu                              0x00004ac8   Section       62  ffixu.o(x$fpl$ffixu)
    x$fpl$fflt                               0x00004b08   Section       48  fflt_clz.o(x$fpl$fflt)
    x$fpl$ffltu                              0x00004b38   Section       38  fflt_clz.o(x$fpl$ffltu)
    x$fpl$fleqf                              0x00004b60   Section      104  fleqf.o(x$fpl$fleqf)
    x$fpl$fmul                               0x00004bc8   Section      258  fmul.o(x$fpl$fmul)
    x$fpl$fnaninf                            0x00004cca   Section      140  fnaninf.o(x$fpl$fnaninf)
    x$fpl$fretinf                            0x00004d56   Section       10  fretinf.o(x$fpl$fretinf)
    x$fpl$frleqf                             0x00004d60   Section       98  frleqf.o(x$fpl$frleqf)
    x$fpl$fsub                               0x00004dc4   Section      234  faddsub_clz.o(x$fpl$fsub)
    _fsub1                                   0x00004dd3   Thumb Code     0  faddsub_clz.o(x$fpl$fsub)
    x$fpl$printf1                            0x00004eae   Section        4  printf1.o(x$fpl$printf1)
    x$fpl$retnan                             0x00004eb2   Section      100  retnan.o(x$fpl$retnan)
    x$fpl$scalbn                             0x00004f16   Section       92  scalbn.o(x$fpl$scalbn)
    x$fpl$trapveneer                         0x00004f72   Section       48  trapv.o(x$fpl$trapveneer)
    .constdata                               0x00004fa4   Section      120  main.o(.constdata)
    .constdata                               0x0000501c   Section     1520  asciilib.o(.constdata)
    AsciiLib                                 0x0000501c   Data        1520  asciilib.o(.constdata)
    .constdata                               0x00005610   Section       48  cos_i.o(.constdata)
    C                                        0x00005610   Data          48  cos_i.o(.constdata)
    .constdata                               0x00005640   Section      200  rred.o(.constdata)
    pio2s                                    0x00005640   Data          48  rred.o(.constdata)
    twooverpi                                0x00005670   Data         152  rred.o(.constdata)
    .constdata                               0x00005708   Section       40  sin_i.o(.constdata)
    S                                        0x00005708   Data          40  sin_i.o(.constdata)
    .constdata                               0x00005730   Section      148  bigflt0.o(.constdata)
    tenpwrs_x                                0x00005730   Data          60  bigflt0.o(.constdata)
    tenpwrs_i                                0x0000576c   Data          64  bigflt0.o(.constdata)
    .conststring                             0x000057c4   Section      470  main.o(.conststring)
    locale$$data                             0x000059bc   Section       28  lc_numeric_c.o(locale$$data)
    __lcnum_c_name                           0x000059c0   Data           2  lc_numeric_c.o(locale$$data)
    __lcnum_c_start                          0x000059c8   Data           0  lc_numeric_c.o(locale$$data)
    __lcnum_c_point                          0x000059d4   Data           0  lc_numeric_c.o(locale$$data)
    __lcnum_c_thousands                      0x000059d6   Data           0  lc_numeric_c.o(locale$$data)
    __lcnum_c_grouping                       0x000059d7   Data           0  lc_numeric_c.o(locale$$data)
    __lcnum_c_end                            0x000059d8   Data           0  lc_numeric_c.o(locale$$data)
    .data                                    0x10000000   Section      130  main.o(.data)
    indice_muestra                           0x10000081   Data           1  main.o(.data)
    .data                                    0x10000082   Section        1  glcd.o(.data)
    LCD_Code                                 0x10000082   Data           1  glcd.o(.data)
    .data                                    0x10000084   Section       13  uart.o(.data)
    ptr_tx                                   0x1000008c   Data           4  uart.o(.data)
    .data                                    0x10000094   Section        4  system_lpc17xx.o(.data)
    .bss                                     0x10000098   Section      174  main.o(.bss)
    .bss                                     0x10000146   Section       30  uart.o(.bss)
    .bss                                     0x10000164   Section       96  libspace.o(.bss)
    HEAP                                     0x100001c8   Section        0  startup_lpc17xx.o(HEAP)
    STACK                                    0x100001c8   Section      512  startup_lpc17xx.o(STACK)
    Heap_Mem                                 0x100001c8   Data           0  startup_lpc17xx.o(HEAP)
    Stack_Mem                                0x100001c8   Data         512  startup_lpc17xx.o(STACK)
    __initial_sp                             0x100003c8   Data           0  startup_lpc17xx.o(STACK)

    Global Symbols

    Symbol Name                              Value     Ov Type        Size  Object(Section)

    BuildAttributes$$THM_ISAv4$P$D$K$B$S$PE$A:L22UL41UL21$X:L11$S22US41US21$IEEE1$IW$USESV6$~STKCKD$USESV7$~SHL$OTIME$ROPI$IEEEX$EBA8$UX$STANDARDLIB$REQ8$PRES8$EABIv2 0x00000000   Number         0  anon$$obj.o ABSOLUTE
    __ARM_use_no_argv                        0x00000000   Number         0  main.o ABSOLUTE
    __Vectors                                0x00000000   Data           4  startup_lpc17xx.o(RESET)
    _printf_flags                            0x00000000   Number         0  printf_stubs.o ABSOLUTE
    _printf_return_value                     0x00000000   Number         0  printf_stubs.o ABSOLUTE
    _printf_sizespec                         0x00000000   Number         0  printf_stubs.o ABSOLUTE
    _printf_widthprec                        0x00000000   Number         0  printf_stubs.o ABSOLUTE
    __ARM_exceptions_init                     - Undefined Weak Reference
    __alloca_initialize                       - Undefined Weak Reference
    __arm_preinit_                            - Undefined Weak Reference
    __cpp_initialize__aeabi_                  - Undefined Weak Reference
    __cxa_finalize                            - Undefined Weak Reference
    __sigvec_lookup                           - Undefined Weak Reference
    _atexit_init                              - Undefined Weak Reference
    _call_atexit_fns                          - Undefined Weak Reference
    _clock_init                               - Undefined Weak Reference
    _fp_trap_init                             - Undefined Weak Reference
    _fp_trap_shutdown                         - Undefined Weak Reference
    _get_lc_collate                           - Undefined Weak Reference
    _get_lc_ctype                             - Undefined Weak Reference
    _get_lc_monetary                          - Undefined Weak Reference
    _get_lc_time                              - Undefined Weak Reference
    _getenv_init                              - Undefined Weak Reference
    _handle_redirection                       - Undefined Weak Reference
    _init_alloc                               - Undefined Weak Reference
    _init_user_alloc                          - Undefined Weak Reference
    _initio                                   - Undefined Weak Reference
    _printf_post_padding                      - Undefined Weak Reference
    _printf_pre_padding                       - Undefined Weak Reference
    _rand_init                                - Undefined Weak Reference
    _signal_finish                            - Undefined Weak Reference
    _signal_init                              - Undefined Weak Reference
    _terminate_alloc                          - Undefined Weak Reference
    _terminate_user_alloc                     - Undefined Weak Reference
    _terminateio                              - Undefined Weak Reference
    __main                                   0x000000cd   Thumb Code     8  __main.o(!!!main)
    __scatterload                            0x000000d5   Thumb Code     0  __scatter.o(!!!scatter)
    __scatterload_rt2                        0x000000d5   Thumb Code    44  __scatter.o(!!!scatter)
    __scatterload_rt2_thumb_only             0x000000d5   Thumb Code     0  __scatter.o(!!!scatter)
    __scatterload_null                       0x000000e3   Thumb Code     0  __scatter.o(!!!scatter)
    __scatterload_copy                       0x00000109   Thumb Code    26  __scatter_copy.o(!!handler_copy)
    __scatterload_zeroinit                   0x00000125   Thumb Code    28  __scatter_zi.o(!!handler_zi)
    _printf_f                                0x00000141   Thumb Code     0  _printf_f.o(.ARM.Collect$$_printf_percent$$00000003)
    _printf_percent                          0x00000141   Thumb Code     0  _printf_percent.o(.ARM.Collect$$_printf_percent$$00000000)
    _printf_percent_end                      0x00000147   Thumb Code     0  _printf_percent_end.o(.ARM.Collect$$_printf_percent$$00000017)
    __rt_lib_init                            0x0000014b   Thumb Code     0  libinit.o(.ARM.Collect$$libinit$$00000000)
    __rt_lib_init_fp_1                       0x0000014d   Thumb Code     0  libinit2.o(.ARM.Collect$$libinit$$00000002)
    __rt_lib_init_heap_1                     0x0000014d   Thumb Code     0  libinit2.o(.ARM.Collect$$libinit$$0000000A)
    __rt_lib_init_lc_common                  0x0000014d   Thumb Code     0  libinit2.o(.ARM.Collect$$libinit$$0000000F)
    __rt_lib_init_preinit_1                  0x0000014d   Thumb Code     0  libinit2.o(.ARM.Collect$$libinit$$00000004)
    __rt_lib_init_rand_1                     0x0000014d   Thumb Code     0  libinit2.o(.ARM.Collect$$libinit$$0000000E)
    __rt_lib_init_user_alloc_1               0x0000014d   Thumb Code     0  libinit2.o(.ARM.Collect$$libinit$$0000000C)
    __rt_lib_init_lc_collate_1               0x00000153   Thumb Code     0  libinit2.o(.ARM.Collect$$libinit$$00000011)
    __rt_lib_init_lc_ctype_1                 0x00000153   Thumb Code     0  libinit2.o(.ARM.Collect$$libinit$$00000013)
    __rt_lib_init_lc_monetary_1              0x00000153   Thumb Code     0  libinit2.o(.ARM.Collect$$libinit$$00000015)
    __rt_lib_init_lc_numeric_2               0x00000153   Thumb Code     0  libinit2.o(.ARM.Collect$$libinit$$00000016)
    __rt_lib_init_alloca_1                   0x0000015d   Thumb Code     0  libinit2.o(.ARM.Collect$$libinit$$0000002E)
    __rt_lib_init_argv_1                     0x0000015d   Thumb Code     0  libinit2.o(.ARM.Collect$$libinit$$0000002C)
    __rt_lib_init_atexit_1                   0x0000015d   Thumb Code     0  libinit2.o(.ARM.Collect$$libinit$$0000001B)
    __rt_lib_init_clock_1                    0x0000015d   Thumb Code     0  libinit2.o(.ARM.Collect$$libinit$$00000021)
    __rt_lib_init_cpp_1                      0x0000015d   Thumb Code     0  libinit2.o(.ARM.Collect$$libinit$$00000032)
    __rt_lib_init_exceptions_1               0x0000015d   Thumb Code     0  libinit2.o(.ARM.Collect$$libinit$$00000030)
    __rt_lib_init_fp_trap_1                  0x0000015d   Thumb Code     0  libinit2.o(.ARM.Collect$$libinit$$0000001F)
    __rt_lib_init_getenv_1                   0x0000015d   Thumb Code     0  libinit2.o(.ARM.Collect$$libinit$$00000023)
    __rt_lib_init_lc_numeric_1               0x0000015d   Thumb Code     0  libinit2.o(.ARM.Collect$$libinit$$00000017)
    __rt_lib_init_lc_time_1                  0x0000015d   Thumb Code     0  libinit2.o(.ARM.Collect$$libinit$$00000019)
    __rt_lib_init_return                     0x0000015d   Thumb Code     0  libinit2.o(.ARM.Collect$$libinit$$00000033)
    __rt_lib_init_signal_1                   0x0000015d   Thumb Code     0  libinit2.o(.ARM.Collect$$libinit$$0000001D)
    __rt_lib_init_stdio_1                    0x0000015d   Thumb Code     0  libinit2.o(.ARM.Collect$$libinit$$00000025)
    __rt_lib_shutdown                        0x0000015f   Thumb Code     0  libshutdown.o(.ARM.Collect$$libshutdown$$00000000)
    __rt_lib_shutdown_cpp_1                  0x00000161   Thumb Code     0  libshutdown2.o(.ARM.Collect$$libshutdown$$00000002)
    __rt_lib_shutdown_fp_trap_1              0x00000161   Thumb Code     0  libshutdown2.o(.ARM.Collect$$libshutdown$$00000007)
    __rt_lib_shutdown_heap_1                 0x00000161   Thumb Code     0  libshutdown2.o(.ARM.Collect$$libshutdown$$0000000F)
    __rt_lib_shutdown_return                 0x00000161   Thumb Code     0  libshutdown2.o(.ARM.Collect$$libshutdown$$00000010)
    __rt_lib_shutdown_signal_1               0x00000161   Thumb Code     0  libshutdown2.o(.ARM.Collect$$libshutdown$$0000000A)
    __rt_lib_shutdown_stdio_1                0x00000161   Thumb Code     0  libshutdown2.o(.ARM.Collect$$libshutdown$$00000004)
    __rt_lib_shutdown_user_alloc_1           0x00000161   Thumb Code     0  libshutdown2.o(.ARM.Collect$$libshutdown$$0000000C)
    __rt_entry                               0x00000163   Thumb Code     0  __rtentry.o(.ARM.Collect$$rtentry$$00000000)
    __rt_entry_presh_1                       0x00000163   Thumb Code     0  __rtentry2.o(.ARM.Collect$$rtentry$$00000002)
    __rt_entry_sh                            0x00000163   Thumb Code     0  __rtentry4.o(.ARM.Collect$$rtentry$$00000004)
    __rt_entry_li                            0x00000169   Thumb Code     0  __rtentry2.o(.ARM.Collect$$rtentry$$0000000A)
    __rt_entry_postsh_1                      0x00000169   Thumb Code     0  __rtentry2.o(.ARM.Collect$$rtentry$$00000009)
    __rt_entry_main                          0x0000016d   Thumb Code     0  __rtentry2.o(.ARM.Collect$$rtentry$$0000000D)
    __rt_entry_postli_1                      0x0000016d   Thumb Code     0  __rtentry2.o(.ARM.Collect$$rtentry$$0000000C)
    __rt_exit                                0x00000175   Thumb Code     0  rtexit.o(.ARM.Collect$$rtexit$$00000000)
    __rt_exit_ls                             0x00000177   Thumb Code     0  rtexit2.o(.ARM.Collect$$rtexit$$00000003)
    __rt_exit_prels_1                        0x00000177   Thumb Code     0  rtexit2.o(.ARM.Collect$$rtexit$$00000002)
    __rt_exit_exit                           0x0000017b   Thumb Code     0  rtexit2.o(.ARM.Collect$$rtexit$$00000004)
    Reset_Handler                            0x00000181   Thumb Code     8  startup_lpc17xx.o(.text)
    NMI_Handler                              0x00000189   Thumb Code     2  startup_lpc17xx.o(.text)
    HardFault_Handler                        0x0000018b   Thumb Code     2  startup_lpc17xx.o(.text)
    MemManage_Handler                        0x0000018d   Thumb Code     2  startup_lpc17xx.o(.text)
    BusFault_Handler                         0x0000018f   Thumb Code     2  startup_lpc17xx.o(.text)
    UsageFault_Handler                       0x00000191   Thumb Code     2  startup_lpc17xx.o(.text)
    SVC_Handler                              0x00000193   Thumb Code     2  startup_lpc17xx.o(.text)
    DebugMon_Handler                         0x00000195   Thumb Code     2  startup_lpc17xx.o(.text)
    PendSV_Handler                           0x00000197   Thumb Code     2  startup_lpc17xx.o(.text)
    BOD_IRQHandler                           0x0000019b   Thumb Code     0  startup_lpc17xx.o(.text)
    CANActivity_IRQHandler                   0x0000019b   Thumb Code     0  startup_lpc17xx.o(.text)
    CAN_IRQHandler                           0x0000019b   Thumb Code     0  startup_lpc17xx.o(.text)
    DMA_IRQHandler                           0x0000019b   Thumb Code     0  startup_lpc17xx.o(.text)
    EINT0_IRQHandler                         0x0000019b   Thumb Code     0  startup_lpc17xx.o(.text)
    EINT3_IRQHandler                         0x0000019b   Thumb Code     0  startup_lpc17xx.o(.text)
    ENET_IRQHandler                          0x0000019b   Thumb Code     0  startup_lpc17xx.o(.text)
    I2C0_IRQHandler                          0x0000019b   Thumb Code     0  startup_lpc17xx.o(.text)
    I2C1_IRQHandler                          0x0000019b   Thumb Code     0  startup_lpc17xx.o(.text)
    I2C2_IRQHandler                          0x0000019b   Thumb Code     0  startup_lpc17xx.o(.text)
    I2S_IRQHandler                           0x0000019b   Thumb Code     0  startup_lpc17xx.o(.text)
    MCPWM_IRQHandler                         0x0000019b   Thumb Code     0  startup_lpc17xx.o(.text)
    PLL0_IRQHandler                          0x0000019b   Thumb Code     0  startup_lpc17xx.o(.text)
    PLL1_IRQHandler                          0x0000019b   Thumb Code     0  startup_lpc17xx.o(.text)
    PWM1_IRQHandler                          0x0000019b   Thumb Code     0  startup_lpc17xx.o(.text)
    RIT_IRQHandler                           0x0000019b   Thumb Code     0  startup_lpc17xx.o(.text)
    RTC_IRQHandler                           0x0000019b   Thumb Code     0  startup_lpc17xx.o(.text)
    SPI_IRQHandler                           0x0000019b   Thumb Code     0  startup_lpc17xx.o(.text)
    SSP0_IRQHandler                          0x0000019b   Thumb Code     0  startup_lpc17xx.o(.text)
    SSP1_IRQHandler                          0x0000019b   Thumb Code     0  startup_lpc17xx.o(.text)
    TIMER3_IRQHandler                        0x0000019b   Thumb Code     0  startup_lpc17xx.o(.text)
    UART0_IRQHandler                         0x0000019b   Thumb Code     0  startup_lpc17xx.o(.text)
    UART1_IRQHandler                         0x0000019b   Thumb Code     0  startup_lpc17xx.o(.text)
    UART2_IRQHandler                         0x0000019b   Thumb Code     0  startup_lpc17xx.o(.text)
    USBActivity_IRQHandler                   0x0000019b   Thumb Code     0  startup_lpc17xx.o(.text)
    USB_IRQHandler                           0x0000019b   Thumb Code     0  startup_lpc17xx.o(.text)
    WDT_IRQHandler                           0x0000019b   Thumb Code     0  startup_lpc17xx.o(.text)
    __user_initial_stackheap                 0x0000019d   Thumb Code     0  startup_lpc17xx.o(.text)
    __2sprintf                               0x000001bd   Thumb Code    34  noretval__2sprintf.o(.text)
    __printf                                 0x000001e5   Thumb Code   270  __printf_wp.o(.text)
    __use_two_region_memory                  0x000002f3   Thumb Code     2  heapauxi.o(.text)
    __rt_heap_escrow$2region                 0x000002f5   Thumb Code     2  heapauxi.o(.text)
    __rt_heap_expand$2region                 0x000002f7   Thumb Code     2  heapauxi.o(.text)
    __I$use$semihosting                      0x000002f9   Thumb Code     0  use_no_semi.o(.text)
    __use_no_semihosting_swi                 0x000002f9   Thumb Code     2  use_no_semi.o(.text)
    __I$use$fp                               0x000002fa   Number         0  usenofp.o(x$fpl$usenofp)
    __semihosting_library_function           0x000002fb   Thumb Code     0  indicate_semi.o(.text)
    __aeabi_memcpy                           0x00000301   Thumb Code     0  rt_memcpy_v6.o(.text)
    __rt_memcpy                              0x00000301   Thumb Code   138  rt_memcpy_v6.o(.text)
    _memcpy_lastbytes                        0x00000367   Thumb Code     0  rt_memcpy_v6.o(.text)
    __aeabi_memcpy4                          0x0000038b   Thumb Code     0  rt_memcpy_w.o(.text)
    __aeabi_memcpy8                          0x0000038b   Thumb Code     0  rt_memcpy_w.o(.text)
    __rt_memcpy_w                            0x0000038b   Thumb Code   100  rt_memcpy_w.o(.text)
    _memcpy_lastbytes_aligned                0x000003d3   Thumb Code     0  rt_memcpy_w.o(.text)
    __aeabi_memclr                           0x000003ef   Thumb Code     0  rt_memclr.o(.text)
    __rt_memclr                              0x000003ef   Thumb Code    68  rt_memclr.o(.text)
    _memset                                  0x000003f3   Thumb Code     0  rt_memclr.o(.text)
    __read_errno                             0x00000433   Thumb Code    10  _rserrno.o(.text)
    __set_errno                              0x0000043d   Thumb Code    12  _rserrno.o(.text)
    __lib_sel_fp_printf                      0x00000449   Thumb Code     2  _printf_fp_dec.o(.text)
    _printf_fp_dec_real                      0x000005fb   Thumb Code   620  _printf_fp_dec.o(.text)
    _printf_char_common                      0x00000873   Thumb Code    32  _printf_char_common.o(.text)
    _sputc                                   0x00000899   Thumb Code    10  _sputc.o(.text)
    __aeabi_memclr4                          0x000008a3   Thumb Code     0  rt_memclr_w.o(.text)
    __aeabi_memclr8                          0x000008a3   Thumb Code     0  rt_memclr_w.o(.text)
    __rt_memclr_w                            0x000008a3   Thumb Code    78  rt_memclr_w.o(.text)
    _memset_w                                0x000008a7   Thumb Code     0  rt_memclr_w.o(.text)
    __rt_locale                              0x000008f1   Thumb Code     8  rt_locale_intlibspace.o(.text)
    __aeabi_errno_addr                       0x000008f9   Thumb Code     8  rt_errno_addr_intlibspace.o(.text)
    __errno$intlibspace                      0x000008f9   Thumb Code     0  rt_errno_addr_intlibspace.o(.text)
    __rt_errno_addr$intlibspace              0x000008f9   Thumb Code     0  rt_errno_addr_intlibspace.o(.text)
    _ll_udiv10                               0x00000901   Thumb Code   138  lludiv10.o(.text)
    _printf_fp_infnan                        0x0000098d   Thumb Code   112  _printf_fp_infnan.o(.text)
    _btod_etento                             0x00000a0d   Thumb Code   224  bigflt0.o(.text)
    __user_libspace                          0x00000af1   Thumb Code     8  libspace.o(.text)
    __user_perproc_libspace                  0x00000af1   Thumb Code     0  libspace.o(.text)
    __user_perthread_libspace                0x00000af1   Thumb Code     0  libspace.o(.text)
    __user_setup_stackheap                   0x00000af9   Thumb Code    74  sys_stackheap_outer.o(.text)
    exit                                     0x00000b43   Thumb Code    18  exit.o(.text)
    strcmp                                   0x00000b55   Thumb Code   128  strcmpv7m.o(.text)
    _sys_exit                                0x00000bd5   Thumb Code     8  sys_exit.o(.text)
    _btod_d2e                                0x00000be1   Thumb Code    62  btod.o(CL$$btod_d2e)
    _d2e_denorm_low                          0x00000c1f   Thumb Code    70  btod.o(CL$$btod_d2e_denorm_low)
    _d2e_norm_op1                            0x00000c65   Thumb Code    96  btod.o(CL$$btod_d2e_norm_op1)
    __btod_div_common                        0x00000cc5   Thumb Code   696  btod.o(CL$$btod_div_common)
    _e2e                                     0x00000ffd   Thumb Code   220  btod.o(CL$$btod_e2e)
    _btod_ediv                               0x000010d9   Thumb Code    42  btod.o(CL$$btod_ediv)
    _btod_emul                               0x00001103   Thumb Code    42  btod.o(CL$$btod_emul)
    __btod_mult_common                       0x0000112d   Thumb Code   580  btod.o(CL$$btod_mult_common)
    ADC_IRQHandler                           0x00001371   Thumb Code   414  main.o(i.ADC_IRQHandler)
    EINT1_IRQHandler                         0x00001575   Thumb Code   120  main.o(i.EINT1_IRQHandler)
    EINT2_IRQHandler                         0x00001629   Thumb Code    90  main.o(i.EINT2_IRQHandler)
    GUI_Text                                 0x000016e5   Thumb Code    80  glcd.o(i.GUI_Text)
    GetASCIICode                             0x00001735   Thumb Code    26  asciilib.o(i.GetASCIICode)
    LCD_Clear                                0x00001755   Thumb Code   112  glcd.o(i.LCD_Clear)
    LCD_DrawLine                             0x000017f9   Thumb Code   250  glcd.o(i.LCD_DrawLine)
    LCD_Initialization                       0x000018f5   Thumb Code   552  glcd.o(i.LCD_Initialization)
    LCD_SetPoint                             0x00001c2d   Thumb Code    40  glcd.o(i.LCD_SetPoint)
    PutChar                                  0x00001cd5   Thumb Code   100  glcd.o(i.PutChar)
    QEI_IRQHandler                           0x00001d39   Thumb Code   294  main.o(i.QEI_IRQHandler)
    QEI_pulses                               0x00001ea9   Thumb Code   510  main.o(i.QEI_pulses)
    SysTick_Handler                          0x000021a5   Thumb Code   192  main.o(i.SysTick_Handler)
    SystemInit                               0x000022e9   Thumb Code   302  system_lpc17xx.o(i.SystemInit)
    TIMER0_IRQHandler                        0x00002429   Thumb Code   166  main.o(i.TIMER0_IRQHandler)
    TIMER1_IRQHandler                        0x000024f9   Thumb Code    26  main.o(i.TIMER1_IRQHandler)
    TIMER2_IRQHandler                        0x0000251d   Thumb Code   196  main.o(i.TIMER2_IRQHandler)
    UART3_IRQHandler                         0x00002611   Thumb Code   112  uart.o(i.UART3_IRQHandler)
    __ARM_fpclassify                         0x00002699   Thumb Code    40  fpclassify.o(i.__ARM_fpclassify)
    __ieee754_rem_pio2                       0x0000270d   Thumb Code   828  rred.o(i.__ieee754_rem_pio2)
    __kernel_cos                             0x00002a95   Thumb Code   230  cos_i.o(i.__kernel_cos)
    __kernel_poly                            0x00002b91   Thumb Code   170  poly.o(i.__kernel_poly)
    __kernel_sin                             0x00002c3d   Thumb Code   224  sin_i.o(i.__kernel_sin)
    __mathlib_dbl_infnan                     0x00002d29   Thumb Code     6  dunder.o(i.__mathlib_dbl_infnan)
    __mathlib_dbl_invalid                    0x00002d2f   Thumb Code    12  dunder.o(i.__mathlib_dbl_invalid)
    __mathlib_dbl_underflow                  0x00002d3d   Thumb Code    10  dunder.o(i.__mathlib_dbl_underflow)
    _is_digit                                0x00002d4d   Thumb Code    14  __printf_wp.o(i._is_digit)
    calculo_distancia                        0x00002d5d   Thumb Code   174  main.o(i.calculo_distancia)
    config_ADC                               0x00002e15   Thumb Code   214  main.o(i.config_ADC)
    config_DAC                               0x00002ef9   Thumb Code    24  main.o(i.config_DAC)
    config_QEI                               0x00002f15   Thumb Code   110  main.o(i.config_QEI)
    config_TIMER0                            0x00002f99   Thumb Code    92  main.o(i.config_TIMER0)
    config_TIMER1                            0x00002ff9   Thumb Code   226  main.o(i.config_TIMER1)
    config_TIMER2                            0x000030f1   Thumb Code    62  main.o(i.config_TIMER2)
    config_botones                           0x0000313d   Thumb Code    56  main.o(i.config_botones)
    config_ciclo                             0x00003181   Thumb Code   232  main.o(i.config_ciclo)
    config_gpios                             0x00003279   Thumb Code   210  main.o(i.config_gpios)
    config_pwm                               0x00003361   Thumb Code   102  main.o(i.config_pwm)
    genera_muestras                          0x000033f5   Thumb Code   114  main.o(i.genera_muestras)
    main                                     0x00003481   Thumb Code  1602  main.o(i.main)
    parada_emergencia                        0x00003b19   Thumb Code   118  main.o(i.parada_emergencia)
    set_duty_LEFT_pwm                        0x00003bd5   Thumb Code    28  main.o(i.set_duty_LEFT_pwm)
    set_duty_RIGHT_pwm                       0x00003bf5   Thumb Code    28  main.o(i.set_duty_RIGHT_pwm)
    sin                                      0x00003c15   Thumb Code   150  sin.o(i.sin)
    tx_cadena_UART3                          0x00003cb5   Thumb Code    32  uart.o(i.tx_cadena_UART3)
    uart3_init                               0x00003ce1   Thumb Code   116  uart.o(i.uart3_init)
    _get_lc_numeric                          0x00003e79   Thumb Code    44  lc_numeric_c.o(locale$$code)
    __aeabi_d2f                              0x00003ea5   Thumb Code     0  d2f.o(x$fpl$d2f)
    _d2f                                     0x00003ea5   Thumb Code    98  d2f.o(x$fpl$d2f)
    __aeabi_dadd                             0x00003f09   Thumb Code     0  daddsub_clz.o(x$fpl$dadd)
    _dadd                                    0x00003f09   Thumb Code   332  daddsub_clz.o(x$fpl$dadd)
    __fpl_dcheck_NaN1                        0x00004059   Thumb Code    10  dcheck1.o(x$fpl$dcheck1)
    __aeabi_ddiv                             0x00004069   Thumb Code     0  ddiv.o(x$fpl$ddiv)
    _ddiv                                    0x00004069   Thumb Code   552  ddiv.o(x$fpl$ddiv)
    __aeabi_d2iz                             0x00004319   Thumb Code     0  dfix.o(x$fpl$dfix)
    _dfix                                    0x00004319   Thumb Code    94  dfix.o(x$fpl$dfix)
    __aeabi_d2uiz                            0x00004379   Thumb Code     0  dfixu.o(x$fpl$dfixu)
    _dfixu                                   0x00004379   Thumb Code    90  dfixu.o(x$fpl$dfixu)
    __aeabi_i2d                              0x000043d3   Thumb Code     0  dflt_clz.o(x$fpl$dflt)
    _dflt                                    0x000043d3   Thumb Code    46  dflt_clz.o(x$fpl$dflt)
    __aeabi_ui2d                             0x00004401   Thumb Code     0  dflt_clz.o(x$fpl$dfltu)
    _dfltu                                   0x00004401   Thumb Code    38  dflt_clz.o(x$fpl$dfltu)
    __aeabi_dmul                             0x00004429   Thumb Code     0  dmul.o(x$fpl$dmul)
    _dmul                                    0x00004429   Thumb Code   332  dmul.o(x$fpl$dmul)
    __fpl_dnaninf                            0x0000457d   Thumb Code   156  dnaninf.o(x$fpl$dnaninf)
    __fpl_dretinf                            0x00004619   Thumb Code    12  dretinf.o(x$fpl$dretinf)
    __aeabi_drsub                            0x00004625   Thumb Code     0  daddsub_clz.o(x$fpl$drsb)
    _drsb                                    0x00004625   Thumb Code    22  daddsub_clz.o(x$fpl$drsb)
    __aeabi_dsub                             0x0000463d   Thumb Code     0  daddsub_clz.o(x$fpl$dsub)
    _dsub                                    0x0000463d   Thumb Code   464  daddsub_clz.o(x$fpl$dsub)
    __aeabi_f2d                              0x00004811   Thumb Code     0  f2d.o(x$fpl$f2d)
    _f2d                                     0x00004811   Thumb Code    86  f2d.o(x$fpl$f2d)
    __aeabi_fadd                             0x00004869   Thumb Code     0  faddsub_clz.o(x$fpl$fadd)
    _fadd                                    0x00004869   Thumb Code   196  faddsub_clz.o(x$fpl$fadd)
    __fpl_fcmp_Inf                           0x0000492d   Thumb Code    24  fcmpi.o(x$fpl$fcmpinf)
    __aeabi_fdiv                             0x00004945   Thumb Code     0  fdiv.o(x$fpl$fdiv)
    _fdiv                                    0x00004945   Thumb Code   384  fdiv.o(x$fpl$fdiv)
    __aeabi_f2uiz                            0x00004ac9   Thumb Code     0  ffixu.o(x$fpl$ffixu)
    _ffixu                                   0x00004ac9   Thumb Code    62  ffixu.o(x$fpl$ffixu)
    __aeabi_i2f                              0x00004b09   Thumb Code     0  fflt_clz.o(x$fpl$fflt)
    _fflt                                    0x00004b09   Thumb Code    48  fflt_clz.o(x$fpl$fflt)
    __aeabi_ui2f                             0x00004b39   Thumb Code     0  fflt_clz.o(x$fpl$ffltu)
    _ffltu                                   0x00004b39   Thumb Code    38  fflt_clz.o(x$fpl$ffltu)
    __aeabi_cfcmple                          0x00004b61   Thumb Code     0  fleqf.o(x$fpl$fleqf)
    _fcmple                                  0x00004b61   Thumb Code   104  fleqf.o(x$fpl$fleqf)
    __fpl_fcmple_InfNaN                      0x00004bb3   Thumb Code     0  fleqf.o(x$fpl$fleqf)
    __aeabi_fmul                             0x00004bc9   Thumb Code     0  fmul.o(x$fpl$fmul)
    _fmul                                    0x00004bc9   Thumb Code   258  fmul.o(x$fpl$fmul)
    __fpl_fnaninf                            0x00004ccb   Thumb Code   140  fnaninf.o(x$fpl$fnaninf)
    __fpl_fretinf                            0x00004d57   Thumb Code    10  fretinf.o(x$fpl$fretinf)
    __aeabi_cfrcmple                         0x00004d61   Thumb Code     0  frleqf.o(x$fpl$frleqf)
    _frcmple                                 0x00004d61   Thumb Code    98  frleqf.o(x$fpl$frleqf)
    __aeabi_fsub                             0x00004dc5   Thumb Code     0  faddsub_clz.o(x$fpl$fsub)
    _fsub                                    0x00004dc5   Thumb Code   234  faddsub_clz.o(x$fpl$fsub)
    _printf_fp_dec                           0x00004eaf   Thumb Code     4  printf1.o(x$fpl$printf1)
    __fpl_return_NaN                         0x00004eb3   Thumb Code   100  retnan.o(x$fpl$retnan)
    __ARM_scalbn                             0x00004f17   Thumb Code    92  scalbn.o(x$fpl$scalbn)
    __fpl_cmpreturn                          0x00004f73   Thumb Code    48  trapv.o(x$fpl$trapveneer)
    Region$$Table$$Base                      0x0000599c   Number         0  anon$$obj.o(Region$$Table)
    Region$$Table$$Limit                     0x000059bc   Number         0  anon$$obj.o(Region$$Table)
    accion                                   0x10000000   Data           1  main.o(.data)
    mot_1                                    0x10000001   Data           1  main.o(.data)
    mot_2                                    0x10000002   Data           1  main.o(.data)
    ciclo                                    0x10000003   Data           1  main.o(.data)
    ciclo_motor1                             0x10000004   Data           4  main.o(.data)
    ciclo_motor2                             0x10000008   Data           4  main.o(.data)
    speed_m                                  0x1000000c   Data           4  main.o(.data)
    dist_actual                              0x10000010   Data           2  main.o(.data)
    dist_deseada                             0x10000012   Data           2  main.o(.data)
    speed_rpm                                0x10000014   Data           2  main.o(.data)
    QEI_token                                0x10000016   Data           1  main.o(.data)
    QEI_index                                0x10000017   Data           1  main.o(.data)
    pulsos_CMPOS0                            0x10000018   Data           4  main.o(.data)
    regular_giro                             0x1000001c   Data           4  main.o(.data)
    valor_bateria                            0x10000020   Data           4  main.o(.data)
    valor_distancia                          0x10000024   Data           4  main.o(.data)
    modo                                     0x10000028   Data           1  main.o(.data)
    potenciometro                            0x1000002a   Data           2  main.o(.data)
    u_bat                                    0x1000002c   Data           4  main.o(.data)
    vel_teorica                              0x10000030   Data           4  main.o(.data)
    distancia                                0x10000034   Data           4  main.o(.data)
    token_parada                             0x10000038   Data           1  main.o(.data)
    reanudar_recorrido                       0x10000039   Data           1  main.o(.data)
    token_ruido_recorrido                    0x1000003a   Data           1  main.o(.data)
    token_ruido_bateria                      0x1000003b   Data           1  main.o(.data)
    fin_de_tramo                             0x1000003c   Data           1  main.o(.data)
    alto_ruido                               0x1000003e   Data           2  main.o(.data)
    contador                                 0x10000040   Data           1  main.o(.data)
    Ticks                                    0x10000042   Data           2  main.o(.data)
    x                                        0x10000044   Data           2  main.o(.data)
    y                                        0x10000046   Data           2  main.o(.data)
    x1                                       0x10000048   Data           2  main.o(.data)
    y1                                       0x1000004a   Data           2  main.o(.data)
    x2                                       0x1000004c   Data           2  main.o(.data)
    y2                                       0x1000004e   Data           2  main.o(.data)
    i                                        0x10000050   Data           4  main.o(.data)
    j                                        0x10000054   Data           4  main.o(.data)
    k                                        0x10000058   Data           4  main.o(.data)
    si                                       0x1000005c   Data           4  main.o(.data)
    sj                                       0x10000060   Data           4  main.o(.data)
    fin                                      0x10000064   Data           1  main.o(.data)
    comand_index                             0x10000065   Data           1  main.o(.data)
    dato_aux1                                0x10000068   Data           4  main.o(.data)
    dato_aux2                                0x1000006c   Data           4  main.o(.data)
    dato_aux3                                0x10000070   Data           4  main.o(.data)
    bat_aux                                  0x10000074   Data           4  main.o(.data)
    dato_aux_total                           0x10000078   Data           4  main.o(.data)
    bat_read                                 0x1000007c   Data           4  main.o(.data)
    load_index                               0x10000080   Data           1  main.o(.data)
    ptr_rx                                   0x10000084   Data           4  uart.o(.data)
    rx_completa                              0x10000088   Data           1  uart.o(.data)
    tx_completa                              0x10000090   Data           1  uart.o(.data)
    SystemCoreClock                          0x10000094   Data           4  system_lpc17xx.o(.data)
    acciones                                 0x10000098   Data          10  main.o(.bss)
    distancias                               0x100000a2   Data          20  main.o(.bss)
    muestras                                 0x100000b6   Data          64  main.o(.bss)
    texto                                    0x100000f6   Data          20  main.o(.bss)
    texto2                                   0x1000010a   Data          20  main.o(.bss)
    texto3                                   0x1000011e   Data          20  main.o(.bss)
    texto1                                   0x10000132   Data          20  main.o(.bss)
    buffer                                   0x10000146   Data          30  uart.o(.bss)
    __libspace_start                         0x10000164   Data          96  libspace.o(.bss)
    __temporary_stack_top$libspace           0x100001c4   Data           0  libspace.o(.bss)



==============================================================================

Memory Map of the image

  Image Entry point : 0x00000181

  Load Region LR_1 (Base: 0x00000000, Size: 0x00005a70, Max: 0xffffffff, ABSOLUTE)

    Execution Region ER_RO (Exec base: 0x00000000, Load base: 0x00000000, Size: 0x000059d8, Max: 0xffffffff, ABSOLUTE)

    Exec Addr    Load Addr    Size         Type   Attr      Idx    E Section Name        Object

    0x00000000   0x00000000   0x000000cc   Data   RO          436    RESET               startup_lpc17xx.o
    0x000000cc   0x000000cc   0x00000008   Code   RO          524  * !!!main             c_w.l(__main.o)
    0x000000d4   0x000000d4   0x00000034   Code   RO          867    !!!scatter          c_w.l(__scatter.o)
    0x00000108   0x00000108   0x0000001a   Code   RO          869    !!handler_copy      c_w.l(__scatter_copy.o)
    0x00000122   0x00000122   0x00000002   PAD
    0x00000124   0x00000124   0x0000001c   Code   RO          871    !!handler_zi        c_w.l(__scatter_zi.o)
    0x00000140   0x00000140   0x00000000   Code   RO          515    .ARM.Collect$$_printf_percent$$00000000  c_w.l(_printf_percent.o)
    0x00000140   0x00000140   0x00000006   Code   RO          514    .ARM.Collect$$_printf_percent$$00000003  c_w.l(_printf_f.o)
    0x00000146   0x00000146   0x00000004   Code   RO          601    .ARM.Collect$$_printf_percent$$00000017  c_w.l(_printf_percent_end.o)
    0x0000014a   0x0000014a   0x00000002   Code   RO          734    .ARM.Collect$$libinit$$00000000  c_w.l(libinit.o)
    0x0000014c   0x0000014c   0x00000000   Code   RO          736    .ARM.Collect$$libinit$$00000002  c_w.l(libinit2.o)
    0x0000014c   0x0000014c   0x00000000   Code   RO          738    .ARM.Collect$$libinit$$00000004  c_w.l(libinit2.o)
    0x0000014c   0x0000014c   0x00000000   Code   RO          741    .ARM.Collect$$libinit$$0000000A  c_w.l(libinit2.o)
    0x0000014c   0x0000014c   0x00000000   Code   RO          743    .ARM.Collect$$libinit$$0000000C  c_w.l(libinit2.o)
    0x0000014c   0x0000014c   0x00000000   Code   RO          745    .ARM.Collect$$libinit$$0000000E  c_w.l(libinit2.o)
    0x0000014c   0x0000014c   0x00000006   Code   RO          746    .ARM.Collect$$libinit$$0000000F  c_w.l(libinit2.o)
    0x00000152   0x00000152   0x00000000   Code   RO          748    .ARM.Collect$$libinit$$00000011  c_w.l(libinit2.o)
    0x00000152   0x00000152   0x00000000   Code   RO          750    .ARM.Collect$$libinit$$00000013  c_w.l(libinit2.o)
    0x00000152   0x00000152   0x00000000   Code   RO          752    .ARM.Collect$$libinit$$00000015  c_w.l(libinit2.o)
    0x00000152   0x00000152   0x0000000a   Code   RO          753    .ARM.Collect$$libinit$$00000016  c_w.l(libinit2.o)
    0x0000015c   0x0000015c   0x00000000   Code   RO          754    .ARM.Collect$$libinit$$00000017  c_w.l(libinit2.o)
    0x0000015c   0x0000015c   0x00000000   Code   RO          756    .ARM.Collect$$libinit$$00000019  c_w.l(libinit2.o)
    0x0000015c   0x0000015c   0x00000000   Code   RO          758    .ARM.Collect$$libinit$$0000001B  c_w.l(libinit2.o)
    0x0000015c   0x0000015c   0x00000000   Code   RO          760    .ARM.Collect$$libinit$$0000001D  c_w.l(libinit2.o)
    0x0000015c   0x0000015c   0x00000000   Code   RO          762    .ARM.Collect$$libinit$$0000001F  c_w.l(libinit2.o)
    0x0000015c   0x0000015c   0x00000000   Code   RO          764    .ARM.Collect$$libinit$$00000021  c_w.l(libinit2.o)
    0x0000015c   0x0000015c   0x00000000   Code   RO          766    .ARM.Collect$$libinit$$00000023  c_w.l(libinit2.o)
    0x0000015c   0x0000015c   0x00000000   Code   RO          768    .ARM.Collect$$libinit$$00000025  c_w.l(libinit2.o)
    0x0000015c   0x0000015c   0x00000000   Code   RO          772    .ARM.Collect$$libinit$$0000002C  c_w.l(libinit2.o)
    0x0000015c   0x0000015c   0x00000000   Code   RO          774    .ARM.Collect$$libinit$$0000002E  c_w.l(libinit2.o)
    0x0000015c   0x0000015c   0x00000000   Code   RO          776    .ARM.Collect$$libinit$$00000030  c_w.l(libinit2.o)
    0x0000015c   0x0000015c   0x00000000   Code   RO          778    .ARM.Collect$$libinit$$00000032  c_w.l(libinit2.o)
    0x0000015c   0x0000015c   0x00000002   Code   RO          779    .ARM.Collect$$libinit$$00000033  c_w.l(libinit2.o)
    0x0000015e   0x0000015e   0x00000002   Code   RO          832    .ARM.Collect$$libshutdown$$00000000  c_w.l(libshutdown.o)
    0x00000160   0x00000160   0x00000000   Code   RO          850    .ARM.Collect$$libshutdown$$00000002  c_w.l(libshutdown2.o)
    0x00000160   0x00000160   0x00000000   Code   RO          852    .ARM.Collect$$libshutdown$$00000004  c_w.l(libshutdown2.o)
    0x00000160   0x00000160   0x00000000   Code   RO          855    .ARM.Collect$$libshutdown$$00000007  c_w.l(libshutdown2.o)
    0x00000160   0x00000160   0x00000000   Code   RO          858    .ARM.Collect$$libshutdown$$0000000A  c_w.l(libshutdown2.o)
    0x00000160   0x00000160   0x00000000   Code   RO          860    .ARM.Collect$$libshutdown$$0000000C  c_w.l(libshutdown2.o)
    0x00000160   0x00000160   0x00000000   Code   RO          863    .ARM.Collect$$libshutdown$$0000000F  c_w.l(libshutdown2.o)
    0x00000160   0x00000160   0x00000002   Code   RO          864    .ARM.Collect$$libshutdown$$00000010  c_w.l(libshutdown2.o)
    0x00000162   0x00000162   0x00000000   Code   RO          588    .ARM.Collect$$rtentry$$00000000  c_w.l(__rtentry.o)
    0x00000162   0x00000162   0x00000000   Code   RO          644    .ARM.Collect$$rtentry$$00000002  c_w.l(__rtentry2.o)
    0x00000162   0x00000162   0x00000006   Code   RO          656    .ARM.Collect$$rtentry$$00000004  c_w.l(__rtentry4.o)
    0x00000168   0x00000168   0x00000000   Code   RO          646    .ARM.Collect$$rtentry$$00000009  c_w.l(__rtentry2.o)
    0x00000168   0x00000168   0x00000004   Code   RO          647    .ARM.Collect$$rtentry$$0000000A  c_w.l(__rtentry2.o)
    0x0000016c   0x0000016c   0x00000000   Code   RO          649    .ARM.Collect$$rtentry$$0000000C  c_w.l(__rtentry2.o)
    0x0000016c   0x0000016c   0x00000008   Code   RO          650    .ARM.Collect$$rtentry$$0000000D  c_w.l(__rtentry2.o)
    0x00000174   0x00000174   0x00000002   Code   RO          782    .ARM.Collect$$rtexit$$00000000  c_w.l(rtexit.o)
    0x00000176   0x00000176   0x00000000   Code   RO          799    .ARM.Collect$$rtexit$$00000002  c_w.l(rtexit2.o)
    0x00000176   0x00000176   0x00000004   Code   RO          800    .ARM.Collect$$rtexit$$00000003  c_w.l(rtexit2.o)
    0x0000017a   0x0000017a   0x00000006   Code   RO          801    .ARM.Collect$$rtexit$$00000004  c_w.l(rtexit2.o)
    0x00000180   0x00000180   0x0000003c   Code   RO          438  * .text               startup_lpc17xx.o
    0x000001bc   0x000001bc   0x00000028   Code   RO          490    .text               c_w.l(noretval__2sprintf.o)
    0x000001e4   0x000001e4   0x0000010e   Code   RO          502    .text               c_w.l(__printf_wp.o)
    0x000002f2   0x000002f2   0x00000006   Code   RO          522    .text               c_w.l(heapauxi.o)
    0x000002f8   0x000002f8   0x00000002   Code   RO          819    .text               c_w.l(use_no_semi.o)
    0x000002fa   0x000002fa   0x00000000   Code   RO          821    .text               c_w.l(indicate_semi.o)
    0x000002fa   0x000002fa   0x00000000   Code   RO          614    x$fpl$usenofp       fz_ws.l(usenofp.o)
    0x000002fa   0x000002fa   0x00000002   PAD
    0x000002fc   0x000002fc   0x00000004   Code   RO          437    .ARM.__at_0x02FC    startup_lpc17xx.o
    0x00000300   0x00000300   0x0000008a   Code   RO          516    .text               c_w.l(rt_memcpy_v6.o)
    0x0000038a   0x0000038a   0x00000064   Code   RO          518    .text               c_w.l(rt_memcpy_w.o)
    0x000003ee   0x000003ee   0x00000044   Code   RO          520    .text               c_w.l(rt_memclr.o)
    0x00000432   0x00000432   0x00000016   Code   RO          593    .text               c_w.l(_rserrno.o)
    0x00000448   0x00000448   0x0000041e   Code   RO          595    .text               c_w.l(_printf_fp_dec.o)
    0x00000866   0x00000866   0x00000002   PAD
    0x00000868   0x00000868   0x00000030   Code   RO          597    .text               c_w.l(_printf_char_common.o)
    0x00000898   0x00000898   0x0000000a   Code   RO          599    .text               c_w.l(_sputc.o)
    0x000008a2   0x000008a2   0x0000004e   Code   RO          602    .text               c_w.l(rt_memclr_w.o)
    0x000008f0   0x000008f0   0x00000008   Code   RO          663    .text               c_w.l(rt_locale_intlibspace.o)
    0x000008f8   0x000008f8   0x00000008   Code   RO          668    .text               c_w.l(rt_errno_addr_intlibspace.o)
    0x00000900   0x00000900   0x0000008a   Code   RO          670    .text               c_w.l(lludiv10.o)
    0x0000098a   0x0000098a   0x00000002   PAD
    0x0000098c   0x0000098c   0x00000080   Code   RO          672    .text               c_w.l(_printf_fp_infnan.o)
    0x00000a0c   0x00000a0c   0x000000e4   Code   RO          676    .text               c_w.l(bigflt0.o)
    0x00000af0   0x00000af0   0x00000008   Code   RO          716    .text               c_w.l(libspace.o)
    0x00000af8   0x00000af8   0x0000004a   Code   RO          719    .text               c_w.l(sys_stackheap_outer.o)
    0x00000b42   0x00000b42   0x00000012   Code   RO          721    .text               c_w.l(exit.o)
    0x00000b54   0x00000b54   0x00000080   Code   RO          727    .text               c_w.l(strcmpv7m.o)
    0x00000bd4   0x00000bd4   0x0000000c   Code   RO          796    .text               c_w.l(sys_exit.o)
    0x00000be0   0x00000be0   0x0000003e   Code   RO          679    CL$$btod_d2e        c_w.l(btod.o)
    0x00000c1e   0x00000c1e   0x00000046   Code   RO          681    CL$$btod_d2e_denorm_low  c_w.l(btod.o)
    0x00000c64   0x00000c64   0x00000060   Code   RO          680    CL$$btod_d2e_norm_op1  c_w.l(btod.o)
    0x00000cc4   0x00000cc4   0x00000338   Code   RO          689    CL$$btod_div_common  c_w.l(btod.o)
    0x00000ffc   0x00000ffc   0x000000dc   Code   RO          686    CL$$btod_e2e        c_w.l(btod.o)
    0x000010d8   0x000010d8   0x0000002a   Code   RO          683    CL$$btod_ediv       c_w.l(btod.o)
    0x00001102   0x00001102   0x0000002a   Code   RO          682    CL$$btod_emul       c_w.l(btod.o)
    0x0000112c   0x0000112c   0x00000244   Code   RO          688    CL$$btod_mult_common  c_w.l(btod.o)
    0x00001370   0x00001370   0x00000204   Code   RO            4    i.ADC_IRQHandler    main.o
    0x00001574   0x00001574   0x000000b4   Code   RO            5    i.EINT1_IRQHandler  main.o
    0x00001628   0x00001628   0x000000bc   Code   RO            6    i.EINT2_IRQHandler  main.o
    0x000016e4   0x000016e4   0x00000050   Code   RO          261    i.GUI_Text          glcd.o
    0x00001734   0x00001734   0x00000020   Code   RO          244    i.GetASCIICode      asciilib.o
    0x00001754   0x00001754   0x00000074   Code   RO          263    i.LCD_Clear         glcd.o
    0x000017c8   0x000017c8   0x00000030   Code   RO          264    i.LCD_Configuration  glcd.o
    0x000017f8   0x000017f8   0x000000fa   Code   RO          265    i.LCD_DrawLine      glcd.o
    0x000018f2   0x000018f2   0x00000002   PAD
    0x000018f4   0x000018f4   0x0000022c   Code   RO          267    i.LCD_Initialization  glcd.o
    0x00001b20   0x00001b20   0x00000044   Code   RO          268    i.LCD_Read          glcd.o
    0x00001b64   0x00001b64   0x00000030   Code   RO          269    i.LCD_ReadData      glcd.o
    0x00001b94   0x00001b94   0x00000014   Code   RO          270    i.LCD_ReadReg       glcd.o
    0x00001ba8   0x00001ba8   0x0000002c   Code   RO          271    i.LCD_Send          glcd.o
    0x00001bd4   0x00001bd4   0x00000058   Code   RO          272    i.LCD_SetCursor     glcd.o
    0x00001c2c   0x00001c2c   0x00000028   Code   RO          273    i.LCD_SetPoint      glcd.o
    0x00001c54   0x00001c54   0x00000034   Code   RO          274    i.LCD_WriteData     glcd.o
    0x00001c88   0x00001c88   0x00000038   Code   RO          275    i.LCD_WriteIndex    glcd.o
    0x00001cc0   0x00001cc0   0x00000014   Code   RO          276    i.LCD_WriteReg      glcd.o
    0x00001cd4   0x00001cd4   0x00000064   Code   RO          277    i.PutChar           glcd.o
    0x00001d38   0x00001d38   0x00000170   Code   RO            7    i.QEI_IRQHandler    main.o
    0x00001ea8   0x00001ea8   0x000002fc   Code   RO            8    i.QEI_pulses        main.o
    0x000021a4   0x000021a4   0x00000144   Code   RO            9    i.SysTick_Handler   main.o
    0x000022e8   0x000022e8   0x00000140   Code   RO          448    i.SystemInit        system_lpc17xx.o
    0x00002428   0x00002428   0x000000d0   Code   RO           10    i.TIMER0_IRQHandler  main.o
    0x000024f8   0x000024f8   0x00000024   Code   RO           11    i.TIMER1_IRQHandler  main.o
    0x0000251c   0x0000251c   0x000000f4   Code   RO           12    i.TIMER2_IRQHandler  main.o
    0x00002610   0x00002610   0x00000088   Code   RO          388    i.UART3_IRQHandler  uart.o
    0x00002698   0x00002698   0x00000028   Code   RO          712    i.__ARM_fpclassify  m_ws.l(fpclassify.o)
    0x000026c0   0x000026c0   0x00000022   Code   RO           13    i.__NVIC_EnableIRQ  main.o
    0x000026e2   0x000026e2   0x00000002   PAD
    0x000026e4   0x000026e4   0x00000028   Code   RO           14    i.__NVIC_SetPriority  main.o
    0x0000270c   0x0000270c   0x00000388   Code   RO          632    i.__ieee754_rem_pio2  m_ws.l(rred.o)
    0x00002a94   0x00002a94   0x000000fc   Code   RO          615    i.__kernel_cos      m_ws.l(cos_i.o)
    0x00002b90   0x00002b90   0x000000aa   Code   RO          714    i.__kernel_poly     m_ws.l(poly.o)
    0x00002c3a   0x00002c3a   0x00000002   PAD
    0x00002c3c   0x00002c3c   0x000000ec   Code   RO          637    i.__kernel_sin      m_ws.l(sin_i.o)
    0x00002d28   0x00002d28   0x00000006   Code   RO          619    i.__mathlib_dbl_infnan  m_ws.l(dunder.o)
    0x00002d2e   0x00002d2e   0x0000000c   Code   RO          621    i.__mathlib_dbl_invalid  m_ws.l(dunder.o)
    0x00002d3a   0x00002d3a   0x00000002   PAD
    0x00002d3c   0x00002d3c   0x00000010   Code   RO          624    i.__mathlib_dbl_underflow  m_ws.l(dunder.o)
    0x00002d4c   0x00002d4c   0x0000000e   Code   RO          504    i._is_digit         c_w.l(__printf_wp.o)
    0x00002d5a   0x00002d5a   0x00000002   PAD
    0x00002d5c   0x00002d5c   0x000000b8   Code   RO           15    i.calculo_distancia  main.o
    0x00002e14   0x00002e14   0x000000e4   Code   RO           16    i.config_ADC        main.o
    0x00002ef8   0x00002ef8   0x0000001c   Code   RO           17    i.config_DAC        main.o
    0x00002f14   0x00002f14   0x00000084   Code   RO           18    i.config_QEI        main.o
    0x00002f98   0x00002f98   0x00000060   Code   RO           19    i.config_TIMER0     main.o
    0x00002ff8   0x00002ff8   0x000000f8   Code   RO           20    i.config_TIMER1     main.o
    0x000030f0   0x000030f0   0x0000004c   Code   RO           21    i.config_TIMER2     main.o
    0x0000313c   0x0000313c   0x00000044   Code   RO           22    i.config_botones    main.o
    0x00003180   0x00003180   0x000000f8   Code   RO           23    i.config_ciclo      main.o
    0x00003278   0x00003278   0x000000e8   Code   RO           24    i.config_gpios      main.o
    0x00003360   0x00003360   0x00000074   Code   RO           25    i.config_pwm        main.o
    0x000033d4   0x000033d4   0x0000001e   Code   RO          278    i.delay_ms          glcd.o
    0x000033f2   0x000033f2   0x00000002   PAD
    0x000033f4   0x000033f4   0x0000008c   Code   RO           26    i.genera_muestras   main.o
    0x00003480   0x00003480   0x00000698   Code   RO           27    i.main              main.o
    0x00003b18   0x00003b18   0x000000bc   Code   RO           28    i.parada_emergencia  main.o
    0x00003bd4   0x00003bd4   0x00000020   Code   RO           29    i.set_duty_LEFT_pwm  main.o
    0x00003bf4   0x00003bf4   0x00000020   Code   RO           30    i.set_duty_RIGHT_pwm  main.o
    0x00003c14   0x00003c14   0x000000a0   Code   RO          581    i.sin               m_ws.l(sin.o)
    0x00003cb4   0x00003cb4   0x0000002c   Code   RO          389    i.tx_cadena_UART3   uart.o
    0x00003ce0   0x00003ce0   0x00000090   Code   RO          390    i.uart3_init        uart.o
    0x00003d70   0x00003d70   0x00000108   Code   RO          391    i.uart3_set_baudrate  uart.o
    0x00003e78   0x00003e78   0x0000002c   Code   RO          702    locale$$code        c_w.l(lc_numeric_c.o)
    0x00003ea4   0x00003ea4   0x00000062   Code   RO          526    x$fpl$d2f           fz_ws.l(d2f.o)
    0x00003f06   0x00003f06   0x00000002   PAD
    0x00003f08   0x00003f08   0x00000150   Code   RO          528    x$fpl$dadd          fz_ws.l(daddsub_clz.o)
    0x00004058   0x00004058   0x00000010   Code   RO          780    x$fpl$dcheck1       fz_ws.l(dcheck1.o)
    0x00004068   0x00004068   0x000002b0   Code   RO          535    x$fpl$ddiv          fz_ws.l(ddiv.o)
    0x00004318   0x00004318   0x0000005e   Code   RO          704    x$fpl$dfix          fz_ws.l(dfix.o)
    0x00004376   0x00004376   0x00000002   PAD
    0x00004378   0x00004378   0x0000005a   Code   RO          538    x$fpl$dfixu         fz_ws.l(dfixu.o)
    0x000043d2   0x000043d2   0x0000002e   Code   RO          543    x$fpl$dflt          fz_ws.l(dflt_clz.o)
    0x00004400   0x00004400   0x00000026   Code   RO          542    x$fpl$dfltu         fz_ws.l(dflt_clz.o)
    0x00004426   0x00004426   0x00000002   PAD
    0x00004428   0x00004428   0x00000154   Code   RO          548    x$fpl$dmul          fz_ws.l(dmul.o)
    0x0000457c   0x0000457c   0x0000009c   Code   RO          604    x$fpl$dnaninf       fz_ws.l(dnaninf.o)
    0x00004618   0x00004618   0x0000000c   Code   RO          606    x$fpl$dretinf       fz_ws.l(dretinf.o)
    0x00004624   0x00004624   0x00000016   Code   RO          529    x$fpl$drsb          fz_ws.l(daddsub_clz.o)
    0x0000463a   0x0000463a   0x00000002   PAD
    0x0000463c   0x0000463c   0x000001d4   Code   RO          530    x$fpl$dsub          fz_ws.l(daddsub_clz.o)
    0x00004810   0x00004810   0x00000056   Code   RO          550    x$fpl$f2d           fz_ws.l(f2d.o)
    0x00004866   0x00004866   0x00000002   PAD
    0x00004868   0x00004868   0x000000c4   Code   RO          552    x$fpl$fadd          fz_ws.l(faddsub_clz.o)
    0x0000492c   0x0000492c   0x00000018   Code   RO          608    x$fpl$fcmpinf       fz_ws.l(fcmpi.o)
    0x00004944   0x00004944   0x00000184   Code   RO          559    x$fpl$fdiv          fz_ws.l(fdiv.o)
    0x00004ac8   0x00004ac8   0x0000003e   Code   RO          562    x$fpl$ffixu         fz_ws.l(ffixu.o)
    0x00004b06   0x00004b06   0x00000002   PAD
    0x00004b08   0x00004b08   0x00000030   Code   RO          567    x$fpl$fflt          fz_ws.l(fflt_clz.o)
    0x00004b38   0x00004b38   0x00000026   Code   RO          566    x$fpl$ffltu         fz_ws.l(fflt_clz.o)
    0x00004b5e   0x00004b5e   0x00000002   PAD
    0x00004b60   0x00004b60   0x00000068   Code   RO          572    x$fpl$fleqf         fz_ws.l(fleqf.o)
    0x00004bc8   0x00004bc8   0x00000102   Code   RO          574    x$fpl$fmul          fz_ws.l(fmul.o)
    0x00004cca   0x00004cca   0x0000008c   Code   RO          610    x$fpl$fnaninf       fz_ws.l(fnaninf.o)
    0x00004d56   0x00004d56   0x0000000a   Code   RO          612    x$fpl$fretinf       fz_ws.l(fretinf.o)
    0x00004d60   0x00004d60   0x00000062   Code   RO          576    x$fpl$frleqf        fz_ws.l(frleqf.o)
    0x00004dc2   0x00004dc2   0x00000002   PAD
    0x00004dc4   0x00004dc4   0x000000ea   Code   RO          554    x$fpl$fsub          fz_ws.l(faddsub_clz.o)
    0x00004eae   0x00004eae   0x00000004   Code   RO          578    x$fpl$printf1       fz_ws.l(printf1.o)
    0x00004eb2   0x00004eb2   0x00000064   Code   RO          794    x$fpl$retnan        fz_ws.l(retnan.o)
    0x00004f16   0x00004f16   0x0000005c   Code   RO          710    x$fpl$scalbn        fz_ws.l(scalbn.o)
    0x00004f72   0x00004f72   0x00000030   Code   RO          813    x$fpl$trapveneer    fz_ws.l(trapv.o)
    0x00004fa2   0x00004fa2   0x00000002   PAD
    0x00004fa4   0x00004fa4   0x00000078   Data   RO           32    .constdata          main.o
    0x0000501c   0x0000501c   0x000005f0   Data   RO          245    .constdata          asciilib.o
    0x0000560c   0x0000560c   0x00000004   PAD
    0x00005610   0x00005610   0x00000030   Data   RO          616    .constdata          m_ws.l(cos_i.o)
    0x00005640   0x00005640   0x000000c8   Data   RO          634    .constdata          m_ws.l(rred.o)
    0x00005708   0x00005708   0x00000028   Data   RO          638    .constdata          m_ws.l(sin_i.o)
    0x00005730   0x00005730   0x00000094   Data   RO          677    .constdata          c_w.l(bigflt0.o)
    0x000057c4   0x000057c4   0x000001d6   Data   RO           33    .conststring        main.o
    0x0000599a   0x0000599a   0x00000002   PAD
    0x0000599c   0x0000599c   0x00000020   Data   RO          865    Region$$Table       anon$$obj.o
    0x000059bc   0x000059bc   0x0000001c   Data   RO          701    locale$$data        c_w.l(lc_numeric_c.o)


    Execution Region ER_RW (Exec base: 0x10000000, Load base: 0x000059d8, Size: 0x00000098, Max: 0xffffffff, ABSOLUTE)

    Exec Addr    Load Addr    Size         Type   Attr      Idx    E Section Name        Object

    0x10000000   0x000059d8   0x00000082   Data   RW           34    .data               main.o
    0x10000082   0x00005a5a   0x00000001   Data   RW          279    .data               glcd.o
    0x10000083   0x00005a5b   0x00000001   PAD
    0x10000084   0x00005a5c   0x0000000d   Data   RW          393    .data               uart.o
    0x10000091   0x00005a69   0x00000003   PAD
    0x10000094   0x00005a6c   0x00000004   Data   RW          449    .data               system_lpc17xx.o


    Execution Region ER_ZI (Exec base: 0x10000098, Load base: 0x00005a70, Size: 0x00000330, Max: 0xffffffff, ABSOLUTE)

    Exec Addr    Load Addr    Size         Type   Attr      Idx    E Section Name        Object

    0x10000098        -       0x000000ae   Zero   RW           31    .bss                main.o
    0x10000146        -       0x0000001e   Zero   RW          392    .bss                uart.o
    0x10000164        -       0x00000060   Zero   RW          717    .bss                c_w.l(libspace.o)
    0x100001c4   0x00005a70   0x00000004   PAD
    0x100001c8        -       0x00000000   Zero   RW          435    HEAP                startup_lpc17xx.o
    0x100001c8        -       0x00000200   Zero   RW          434    STACK               startup_lpc17xx.o


==============================================================================

Image component sizes


      Code (inc. data)   RO Data    RW Data    ZI Data      Debug   Object Name

        32          6       1520          0          0       1095   asciilib.o
      1616         44          0          1          0       9932   glcd.o
      6638       1288        590        130        174      66473   main.o
        64         26        204          0        512       1100   startup_lpc17xx.o
       320         18          0          4          0        907   system_lpc17xx.o
       588         78          0         13         30      29877   uart.o

    ----------------------------------------------------------------------
      9264       1460       2352        152        716     109384   Object Totals
         0          0         32          0          0          0   (incl. Generated)
         6          0          6          4          0          0   (incl. Padding)

    ----------------------------------------------------------------------

      Code (inc. data)   RO Data    RW Data    ZI Data      Debug   Library Member Name

         8          0          0          0          0         68   __main.o
       284          0          0          0          0        156   __printf_wp.o
         0          0          0          0          0          0   __rtentry.o
        12          0          0          0          0          0   __rtentry2.o
         6          0          0          0          0          0   __rtentry4.o
        52          8          0          0          0          0   __scatter.o
        26          0          0          0          0          0   __scatter_copy.o
        28          0          0          0          0          0   __scatter_zi.o
        48          6          0          0          0         96   _printf_char_common.o
         6          0          0          0          0          0   _printf_f.o
      1054          0          0          0          0        216   _printf_fp_dec.o
       128         16          0          0          0         84   _printf_fp_infnan.o
         0          0          0          0          0          0   _printf_percent.o
         4          0          0          0          0          0   _printf_percent_end.o
        22          0          0          0          0        100   _rserrno.o
        10          0          0          0          0         68   _sputc.o
       228          4        148          0          0         96   bigflt0.o
      1936        128          0          0          0        672   btod.o
        18          0          0          0          0         80   exit.o
         6          0          0          0          0        152   heapauxi.o
         0          0          0          0          0          0   indicate_semi.o
        44         10         28          0          0         76   lc_numeric_c.o
         2          0          0          0          0          0   libinit.o
        18          0          0          0          0          0   libinit2.o
         2          0          0          0          0          0   libshutdown.o
         2          0          0          0          0          0   libshutdown2.o
         8          4          0          0         96         68   libspace.o
       138          0          0          0          0         80   lludiv10.o
        40          6          0          0          0         84   noretval__2sprintf.o
         8          4          0          0          0         68   rt_errno_addr_intlibspace.o
         8          4          0          0          0         68   rt_locale_intlibspace.o
        68          0          0          0          0         68   rt_memclr.o
        78          0          0          0          0         80   rt_memclr_w.o
       138          0          0          0          0         68   rt_memcpy_v6.o
       100          0          0          0          0         80   rt_memcpy_w.o
         2          0          0          0          0          0   rtexit.o
        10          0          0          0          0          0   rtexit2.o
       128          0          0          0          0         68   strcmpv7m.o
        12          4          0          0          0         68   sys_exit.o
        74          0          0          0          0         80   sys_stackheap_outer.o
         2          0          0          0          0         68   use_no_semi.o
        98          4          0          0          0         92   d2f.o
       826         16          0          0          0        348   daddsub_clz.o
        16          4          0          0          0         68   dcheck1.o
       688        140          0          0          0        208   ddiv.o
        94          4          0          0          0         92   dfix.o
        90          4          0          0          0         92   dfixu.o
        84          0          0          0          0        136   dflt_clz.o
       340         12          0          0          0        104   dmul.o
       156          4          0          0          0         92   dnaninf.o
        12          0          0          0          0         68   dretinf.o
        86          4          0          0          0         84   f2d.o
       430          8          0          0          0        168   faddsub_clz.o
        24          0          0          0          0         68   fcmpi.o
       388         76          0          0          0         96   fdiv.o
        62          4          0          0          0         84   ffixu.o
        86          0          0          0          0        136   fflt_clz.o
       104          4          0          0          0         84   fleqf.o
       258          4          0          0          0         84   fmul.o
       140          4          0          0          0         84   fnaninf.o
        10          0          0          0          0         68   fretinf.o
        98          0          0          0          0         68   frleqf.o
         4          0          0          0          0         68   printf1.o
       100          0          0          0          0         68   retnan.o
        92          0          0          0          0         68   scalbn.o
        48          0          0          0          0         68   trapv.o
         0          0          0          0          0          0   usenofp.o
       252         22         48          0          0        124   cos_i.o
        34          6          0          0          0        204   dunder.o
        40          0          0          0          0         68   fpclassify.o
       170          0          0          0          0         96   poly.o
       904         76        200          0          0        140   rred.o
       160         10          0          0          0        108   sin.o
       236         12         40          0          0        128   sin_i.o

    ----------------------------------------------------------------------
     10920        612        464          0        100       6276   Library Totals
        32          0          0          0          4          0   (incl. Padding)

    ----------------------------------------------------------------------

      Code (inc. data)   RO Data    RW Data    ZI Data      Debug   Library Name

      4758        194        176          0         96       2812   c_w.l
      4334        292          0          0          0       2596   fz_ws.l
      1796        126        288          0          0        868   m_ws.l

    ----------------------------------------------------------------------
     10920        612        464          0        100       6276   Library Totals

    ----------------------------------------------------------------------

==============================================================================


      Code (inc. data)   RO Data    RW Data    ZI Data      Debug   

     20184       2072       2816        152        816     109676   Grand Totals
     20184       2072       2816        152        816     109676   ELF Image Totals
     20184       2072       2816        152          0          0   ROM Totals

==============================================================================

    Total RO  Size (Code + RO Data)                23000 (  22.46kB)
    Total RW  Size (RW Data + ZI Data)               968 (   0.95kB)
    Total ROM Size (Code + RO Data + RW Data)      23152 (  22.61kB)

==============================================================================

